09:53:29 **** Build of configuration Debug for project flash_ex ****
make -j8 all 
arm-none-eabi-gcc "../Drivers/STM32L4xx_HAL_Driver/Src/stm32l4xx_hal.c" -mcpu=cortex-m4 -std=gnu11 -g3 -DUSE_HAL_DRIVER -DSTM32L452xx -DDEBUG -c -I../Core/Inc -I../Drivers/STM32L4xx_HAL_Driver/Inc -I../Drivers/STM32L4xx_HAL_Driver/Inc/Legacy -I../Drivers/CMSIS/Device/ST/STM32L4xx/Include -I../Drivers/CMSIS/Include -I"D:/SaoViet/project_1/EN25QH/flash_ex/Core/flash_ex" -O0 -ffunction-sections -fdata-sections -Wall -fstack-usage -MMD -MP -MF"Drivers/STM32L4xx_HAL_Driver/Src/stm32l4xx_hal.d" -MT"Drivers/STM32L4xx_HAL_Driver/Src/stm32l4xx_hal.o" --specs=nano.specs -mfpu=fpv4-sp-d16 -mfloat-abi=hard -mthumb -o "Drivers/STM32L4xx_HAL_Driver/Src/stm32l4xx_hal.o"
arm-none-eabi-gcc "../Drivers/STM32L4xx_HAL_Driver/Src/stm32l4xx_hal_cortex.c" -mcpu=cortex-m4 -std=gnu11 -g3 -DUSE_HAL_DRIVER -DSTM32L452xx -DDEBUG -c -I../Core/Inc -I../Drivers/STM32L4xx_HAL_Driver/Inc -I../Drivers/STM32L4xx_HAL_Driver/Inc/Legacy -I../Drivers/CMSIS/Device/ST/STM32L4xx/Include -I../Drivers/CMSIS/Include -I"D:/SaoViet/project_1/EN25QH/flash_ex/Core/flash_ex" -O0 -ffunction-sections -fdata-sections -Wall -fstack-usage -MMD -MP -MF"Drivers/STM32L4xx_HAL_Driver/Src/stm32l4xx_hal_cortex.d" -MT"Drivers/STM32L4xx_HAL_Driver/Src/stm32l4xx_hal_cortex.o" --specs=nano.specs -mfpu=fpv4-sp-d16 -mfloat-abi=hard -mthumb -o "Drivers/STM32L4xx_HAL_Driver/Src/stm32l4xx_hal_cortex.o"
arm-none-eabi-gcc "../Drivers/STM32L4xx_HAL_Driver/Src/stm32l4xx_hal_dma.c" -mcpu=cortex-m4 -std=gnu11 -g3 -DUSE_HAL_DRIVER -DSTM32L452xx -DDEBUG -c -I../Core/Inc -I../Drivers/STM32L4xx_HAL_Driver/Inc -I../Drivers/STM32L4xx_HAL_Driver/Inc/Legacy -I../Drivers/CMSIS/Device/ST/STM32L4xx/Include -I../Drivers/CMSIS/Include -I"D:/SaoViet/project_1/EN25QH/flash_ex/Core/flash_ex" -O0 -ffunction-sections -fdata-sections -Wall -fstack-usage -MMD -MP -MF"Drivers/STM32L4xx_HAL_Driver/Src/stm32l4xx_hal_dma.d" -MT"Drivers/STM32L4xx_HAL_Driver/Src/stm32l4xx_hal_dma.o" --specs=nano.specs -mfpu=fpv4-sp-d16 -mfloat-abi=hard -mthumb -o "Drivers/STM32L4xx_HAL_Driver/Src/stm32l4xx_hal_dma.o"
arm-none-eabi-gcc "../Drivers/STM32L4xx_HAL_Driver/Src/stm32l4xx_hal_dma_ex.c" -mcpu=cortex-m4 -std=gnu11 -g3 -DUSE_HAL_DRIVER -DSTM32L452xx -DDEBUG -c -I../Core/Inc -I../Drivers/STM32L4xx_HAL_Driver/Inc -I../Drivers/STM32L4xx_HAL_Driver/Inc/Legacy -I../Drivers/CMSIS/Device/ST/STM32L4xx/Include -I../Drivers/CMSIS/Include -I"D:/SaoViet/project_1/EN25QH/flash_ex/Core/flash_ex" -O0 -ffunction-sections -fdata-sections -Wall -fstack-usage -MMD -MP -MF"Drivers/STM32L4xx_HAL_Driver/Src/stm32l4xx_hal_dma_ex.d" -MT"Drivers/STM32L4xx_HAL_Driver/Src/stm32l4xx_hal_dma_ex.o" --specs=nano.specs -mfpu=fpv4-sp-d16 -mfloat-abi=hard -mthumb -o "Drivers/STM32L4xx_HAL_Driver/Src/stm32l4xx_hal_dma_ex.o"
arm-none-eabi-gcc "../Drivers/STM32L4xx_HAL_Driver/Src/stm32l4xx_hal_exti.c" -mcpu=cortex-m4 -std=gnu11 -g3 -DUSE_HAL_DRIVER -DSTM32L452xx -DDEBUG -c -I../Core/Inc -I../Drivers/STM32L4xx_HAL_Driver/Inc -I../Drivers/STM32L4xx_HAL_Driver/Inc/Legacy -I../Drivers/CMSIS/Device/ST/STM32L4xx/Include -I../Drivers/CMSIS/Include -I"D:/SaoViet/project_1/EN25QH/flash_ex/Core/flash_ex" -O0 -ffunction-sections -fdata-sections -Wall -fstack-usage -MMD -MP -MF"Drivers/STM32L4xx_HAL_Driver/Src/stm32l4xx_hal_exti.d" -MT"Drivers/STM32L4xx_HAL_Driver/Src/stm32l4xx_hal_exti.o" --specs=nano.specs -mfpu=fpv4-sp-d16 -mfloat-abi=hard -mthumb -o "Drivers/STM32L4xx_HAL_Driver/Src/stm32l4xx_hal_exti.o"
arm-none-eabi-gcc "../Drivers/STM32L4xx_HAL_Driver/Src/stm32l4xx_hal_flash.c" -mcpu=cortex-m4 -std=gnu11 -g3 -DUSE_HAL_DRIVER -DSTM32L452xx -DDEBUG -c -I../Core/Inc -I../Drivers/STM32L4xx_HAL_Driver/Inc -I../Drivers/STM32L4xx_HAL_Driver/Inc/Legacy -I../Drivers/CMSIS/Device/ST/STM32L4xx/Include -I../Drivers/CMSIS/Include -I"D:/SaoViet/project_1/EN25QH/flash_ex/Core/flash_ex" -O0 -ffunction-sections -fdata-sections -Wall -fstack-usage -MMD -MP -MF"Drivers/STM32L4xx_HAL_Driver/Src/stm32l4xx_hal_flash.d" -MT"Drivers/STM32L4xx_HAL_Driver/Src/stm32l4xx_hal_flash.o" --specs=nano.specs -mfpu=fpv4-sp-d16 -mfloat-abi=hard -mthumb -o "Drivers/STM32L4xx_HAL_Driver/Src/stm32l4xx_hal_flash.o"
arm-none-eabi-gcc "../Drivers/STM32L4xx_HAL_Driver/Src/stm32l4xx_hal_flash_ex.c" -mcpu=cortex-m4 -std=gnu11 -g3 -DUSE_HAL_DRIVER -DSTM32L452xx -DDEBUG -c -I../Core/Inc -I../Drivers/STM32L4xx_HAL_Driver/Inc -I../Drivers/STM32L4xx_HAL_Driver/Inc/Legacy -I../Drivers/CMSIS/Device/ST/STM32L4xx/Include -I../Drivers/CMSIS/Include -I"D:/SaoViet/project_1/EN25QH/flash_ex/Core/flash_ex" -O0 -ffunction-sections -fdata-sections -Wall -fstack-usage -MMD -MP -MF"Drivers/STM32L4xx_HAL_Driver/Src/stm32l4xx_hal_flash_ex.d" -MT"Drivers/STM32L4xx_HAL_Driver/Src/stm32l4xx_hal_flash_ex.o" --specs=nano.specs -mfpu=fpv4-sp-d16 -mfloat-abi=hard -mthumb -o "Drivers/STM32L4xx_HAL_Driver/Src/stm32l4xx_hal_flash_ex.o"
arm-none-eabi-gcc "../Drivers/STM32L4xx_HAL_Driver/Src/stm32l4xx_hal_flash_ramfunc.c" -mcpu=cortex-m4 -std=gnu11 -g3 -DUSE_HAL_DRIVER -DSTM32L452xx -DDEBUG -c -I../Core/Inc -I../Drivers/STM32L4xx_HAL_Driver/Inc -I../Drivers/STM32L4xx_HAL_Driver/Inc/Legacy -I../Drivers/CMSIS/Device/ST/STM32L4xx/Include -I../Drivers/CMSIS/Include -I"D:/SaoViet/project_1/EN25QH/flash_ex/Core/flash_ex" -O0 -ffunction-sections -fdata-sections -Wall -fstack-usage -MMD -MP -MF"Drivers/STM32L4xx_HAL_Driver/Src/stm32l4xx_hal_flash_ramfunc.d" -MT"Drivers/STM32L4xx_HAL_Driver/Src/stm32l4xx_hal_flash_ramfunc.o" --specs=nano.specs -mfpu=fpv4-sp-d16 -mfloat-abi=hard -mthumb -o "Drivers/STM32L4xx_HAL_Driver/Src/stm32l4xx_hal_flash_ramfunc.o"
arm-none-eabi-gcc "../Drivers/STM32L4xx_HAL_Driver/Src/stm32l4xx_hal_gpio.c" -mcpu=cortex-m4 -std=gnu11 -g3 -DUSE_HAL_DRIVER -DSTM32L452xx -DDEBUG -c -I../Core/Inc -I../Drivers/STM32L4xx_HAL_Driver/Inc -I../Drivers/STM32L4xx_HAL_Driver/Inc/Legacy -I../Drivers/CMSIS/Device/ST/STM32L4xx/Include -I../Drivers/CMSIS/Include -I"D:/SaoViet/project_1/EN25QH/flash_ex/Core/flash_ex" -O0 -ffunction-sections -fdata-sections -Wall -fstack-usage -MMD -MP -MF"Drivers/STM32L4xx_HAL_Driver/Src/stm32l4xx_hal_gpio.d" -MT"Drivers/STM32L4xx_HAL_Driver/Src/stm32l4xx_hal_gpio.o" --specs=nano.specs -mfpu=fpv4-sp-d16 -mfloat-abi=hard -mthumb -o "Drivers/STM32L4xx_HAL_Driver/Src/stm32l4xx_hal_gpio.o"
arm-none-eabi-gcc "../Drivers/STM32L4xx_HAL_Driver/Src/stm32l4xx_hal_i2c.c" -mcpu=cortex-m4 -std=gnu11 -g3 -DUSE_HAL_DRIVER -DSTM32L452xx -DDEBUG -c -I../Core/Inc -I../Drivers/STM32L4xx_HAL_Driver/Inc -I../Drivers/STM32L4xx_HAL_Driver/Inc/Legacy -I../Drivers/CMSIS/Device/ST/STM32L4xx/Include -I../Drivers/CMSIS/Include -I"D:/SaoViet/project_1/EN25QH/flash_ex/Core/flash_ex" -O0 -ffunction-sections -fdata-sections -Wall -fstack-usage -MMD -MP -MF"Drivers/STM32L4xx_HAL_Driver/Src/stm32l4xx_hal_i2c.d" -MT"Drivers/STM32L4xx_HAL_Driver/Src/stm32l4xx_hal_i2c.o" --specs=nano.specs -mfpu=fpv4-sp-d16 -mfloat-abi=hard -mthumb -o "Drivers/STM32L4xx_HAL_Driver/Src/stm32l4xx_hal_i2c.o"
arm-none-eabi-gcc "../Drivers/STM32L4xx_HAL_Driver/Src/stm32l4xx_hal_i2c_ex.c" -mcpu=cortex-m4 -std=gnu11 -g3 -DUSE_HAL_DRIVER -DSTM32L452xx -DDEBUG -c -I../Core/Inc -I../Drivers/STM32L4xx_HAL_Driver/Inc -I../Drivers/STM32L4xx_HAL_Driver/Inc/Legacy -I../Drivers/CMSIS/Device/ST/STM32L4xx/Include -I../Drivers/CMSIS/Include -I"D:/SaoViet/project_1/EN25QH/flash_ex/Core/flash_ex" -O0 -ffunction-sections -fdata-sections -Wall -fstack-usage -MMD -MP -MF"Drivers/STM32L4xx_HAL_Driver/Src/stm32l4xx_hal_i2c_ex.d" -MT"Drivers/STM32L4xx_HAL_Driver/Src/stm32l4xx_hal_i2c_ex.o" --specs=nano.specs -mfpu=fpv4-sp-d16 -mfloat-abi=hard -mthumb -o "Drivers/STM32L4xx_HAL_Driver/Src/stm32l4xx_hal_i2c_ex.o"
arm-none-eabi-gcc "../Drivers/STM32L4xx_HAL_Driver/Src/stm32l4xx_hal_pwr.c" -mcpu=cortex-m4 -std=gnu11 -g3 -DUSE_HAL_DRIVER -DSTM32L452xx -DDEBUG -c -I../Core/Inc -I../Drivers/STM32L4xx_HAL_Driver/Inc -I../Drivers/STM32L4xx_HAL_Driver/Inc/Legacy -I../Drivers/CMSIS/Device/ST/STM32L4xx/Include -I../Drivers/CMSIS/Include -I"D:/SaoViet/project_1/EN25QH/flash_ex/Core/flash_ex" -O0 -ffunction-sections -fdata-sections -Wall -fstack-usage -MMD -MP -MF"Drivers/STM32L4xx_HAL_Driver/Src/stm32l4xx_hal_pwr.d" -MT"Drivers/STM32L4xx_HAL_Driver/Src/stm32l4xx_hal_pwr.o" --specs=nano.specs -mfpu=fpv4-sp-d16 -mfloat-abi=hard -mthumb -o "Drivers/STM32L4xx_HAL_Driver/Src/stm32l4xx_hal_pwr.o"
arm-none-eabi-gcc "../Drivers/STM32L4xx_HAL_Driver/Src/stm32l4xx_hal_pwr_ex.c" -mcpu=cortex-m4 -std=gnu11 -g3 -DUSE_HAL_DRIVER -DSTM32L452xx -DDEBUG -c -I../Core/Inc -I../Drivers/STM32L4xx_HAL_Driver/Inc -I../Drivers/STM32L4xx_HAL_Driver/Inc/Legacy -I../Drivers/CMSIS/Device/ST/STM32L4xx/Include -I../Drivers/CMSIS/Include -I"D:/SaoViet/project_1/EN25QH/flash_ex/Core/flash_ex" -O0 -ffunction-sections -fdata-sections -Wall -fstack-usage -MMD -MP -MF"Drivers/STM32L4xx_HAL_Driver/Src/stm32l4xx_hal_pwr_ex.d" -MT"Drivers/STM32L4xx_HAL_Driver/Src/stm32l4xx_hal_pwr_ex.o" --specs=nano.specs -mfpu=fpv4-sp-d16 -mfloat-abi=hard -mthumb -o "Drivers/STM32L4xx_HAL_Driver/Src/stm32l4xx_hal_pwr_ex.o"
arm-none-eabi-gcc "../Drivers/STM32L4xx_HAL_Driver/Src/stm32l4xx_hal_rcc.c" -mcpu=cortex-m4 -std=gnu11 -g3 -DUSE_HAL_DRIVER -DSTM32L452xx -DDEBUG -c -I../Core/Inc -I../Drivers/STM32L4xx_HAL_Driver/Inc -I../Drivers/STM32L4xx_HAL_Driver/Inc/Legacy -I../Drivers/CMSIS/Device/ST/STM32L4xx/Include -I../Drivers/CMSIS/Include -I"D:/SaoViet/project_1/EN25QH/flash_ex/Core/flash_ex" -O0 -ffunction-sections -fdata-sections -Wall -fstack-usage -MMD -MP -MF"Drivers/STM32L4xx_HAL_Driver/Src/stm32l4xx_hal_rcc.d" -MT"Drivers/STM32L4xx_HAL_Driver/Src/stm32l4xx_hal_rcc.o" --specs=nano.specs -mfpu=fpv4-sp-d16 -mfloat-abi=hard -mthumb -o "Drivers/STM32L4xx_HAL_Driver/Src/stm32l4xx_hal_rcc.o"
arm-none-eabi-gcc "../Drivers/STM32L4xx_HAL_Driver/Src/stm32l4xx_hal_rcc_ex.c" -mcpu=cortex-m4 -std=gnu11 -g3 -DUSE_HAL_DRIVER -DSTM32L452xx -DDEBUG -c -I../Core/Inc -I../Drivers/STM32L4xx_HAL_Driver/Inc -I../Drivers/STM32L4xx_HAL_Driver/Inc/Legacy -I../Drivers/CMSIS/Device/ST/STM32L4xx/Include -I../Drivers/CMSIS/Include -I"D:/SaoViet/project_1/EN25QH/flash_ex/Core/flash_ex" -O0 -ffunction-sections -fdata-sections -Wall -fstack-usage -MMD -MP -MF"Drivers/STM32L4xx_HAL_Driver/Src/stm32l4xx_hal_rcc_ex.d" -MT"Drivers/STM32L4xx_HAL_Driver/Src/stm32l4xx_hal_rcc_ex.o" --specs=nano.specs -mfpu=fpv4-sp-d16 -mfloat-abi=hard -mthumb -o "Drivers/STM32L4xx_HAL_Driver/Src/stm32l4xx_hal_rcc_ex.o"
arm-none-eabi-gcc "../Drivers/STM32L4xx_HAL_Driver/Src/stm32l4xx_hal_spi.c" -mcpu=cortex-m4 -std=gnu11 -g3 -DUSE_HAL_DRIVER -DSTM32L452xx -DDEBUG -c -I../Core/Inc -I../Drivers/STM32L4xx_HAL_Driver/Inc -I../Drivers/STM32L4xx_HAL_Driver/Inc/Legacy -I../Drivers/CMSIS/Device/ST/STM32L4xx/Include -I../Drivers/CMSIS/Include -I"D:/SaoViet/project_1/EN25QH/flash_ex/Core/flash_ex" -O0 -ffunction-sections -fdata-sections -Wall -fstack-usage -MMD -MP -MF"Drivers/STM32L4xx_HAL_Driver/Src/stm32l4xx_hal_spi.d" -MT"Drivers/STM32L4xx_HAL_Driver/Src/stm32l4xx_hal_spi.o" --specs=nano.specs -mfpu=fpv4-sp-d16 -mfloat-abi=hard -mthumb -o "Drivers/STM32L4xx_HAL_Driver/Src/stm32l4xx_hal_spi.o"
arm-none-eabi-gcc "../Drivers/STM32L4xx_HAL_Driver/Src/stm32l4xx_hal_spi_ex.c" -mcpu=cortex-m4 -std=gnu11 -g3 -DUSE_HAL_DRIVER -DSTM32L452xx -DDEBUG -c -I../Core/Inc -I../Drivers/STM32L4xx_HAL_Driver/Inc -I../Drivers/STM32L4xx_HAL_Driver/Inc/Legacy -I../Drivers/CMSIS/Device/ST/STM32L4xx/Include -I../Drivers/CMSIS/Include -I"D:/SaoViet/project_1/EN25QH/flash_ex/Core/flash_ex" -O0 -ffunction-sections -fdata-sections -Wall -fstack-usage -MMD -MP -MF"Drivers/STM32L4xx_HAL_Driver/Src/stm32l4xx_hal_spi_ex.d" -MT"Drivers/STM32L4xx_HAL_Driver/Src/stm32l4xx_hal_spi_ex.o" --specs=nano.specs -mfpu=fpv4-sp-d16 -mfloat-abi=hard -mthumb -o "Drivers/STM32L4xx_HAL_Driver/Src/stm32l4xx_hal_spi_ex.o"
arm-none-eabi-gcc "../Drivers/STM32L4xx_HAL_Driver/Src/stm32l4xx_hal_tim.c" -mcpu=cortex-m4 -std=gnu11 -g3 -DUSE_HAL_DRIVER -DSTM32L452xx -DDEBUG -c -I../Core/Inc -I../Drivers/STM32L4xx_HAL_Driver/Inc -I../Drivers/STM32L4xx_HAL_Driver/Inc/Legacy -I../Drivers/CMSIS/Device/ST/STM32L4xx/Include -I../Drivers/CMSIS/Include -I"D:/SaoViet/project_1/EN25QH/flash_ex/Core/flash_ex" -O0 -ffunction-sections -fdata-sections -Wall -fstack-usage -MMD -MP -MF"Drivers/STM32L4xx_HAL_Driver/Src/stm32l4xx_hal_tim.d" -MT"Drivers/STM32L4xx_HAL_Driver/Src/stm32l4xx_hal_tim.o" --specs=nano.specs -mfpu=fpv4-sp-d16 -mfloat-abi=hard -mthumb -o "Drivers/STM32L4xx_HAL_Driver/Src/stm32l4xx_hal_tim.o"
arm-none-eabi-gcc "../Drivers/STM32L4xx_HAL_Driver/Src/stm32l4xx_hal_tim_ex.c" -mcpu=cortex-m4 -std=gnu11 -g3 -DUSE_HAL_DRIVER -DSTM32L452xx -DDEBUG -c -I../Core/Inc -I../Drivers/STM32L4xx_HAL_Driver/Inc -I../Drivers/STM32L4xx_HAL_Driver/Inc/Legacy -I../Drivers/CMSIS/Device/ST/STM32L4xx/Include -I../Drivers/CMSIS/Include -I"D:/SaoViet/project_1/EN25QH/flash_ex/Core/flash_ex" -O0 -ffunction-sections -fdata-sections -Wall -fstack-usage -MMD -MP -MF"Drivers/STM32L4xx_HAL_Driver/Src/stm32l4xx_hal_tim_ex.d" -MT"Drivers/STM32L4xx_HAL_Driver/Src/stm32l4xx_hal_tim_ex.o" --specs=nano.specs -mfpu=fpv4-sp-d16 -mfloat-abi=hard -mthumb -o "Drivers/STM32L4xx_HAL_Driver/Src/stm32l4xx_hal_tim_ex.o"
arm-none-eabi-gcc "../Core/flash_ex/EN25QH.c" -mcpu=cortex-m4 -std=gnu11 -g3 -DUSE_HAL_DRIVER -DSTM32L452xx -DDEBUG -c -I../Core/Inc -I../Drivers/STM32L4xx_HAL_Driver/Inc -I../Drivers/STM32L4xx_HAL_Driver/Inc/Legacy -I../Drivers/CMSIS/Device/ST/STM32L4xx/Include -I../Drivers/CMSIS/Include -I"D:/SaoViet/project_1/EN25QH/flash_ex/Core/flash_ex" -O0 -ffunction-sections -fdata-sections -Wall -fstack-usage -MMD -MP -MF"Core/flash_ex/EN25QH.d" -MT"Core/flash_ex/EN25QH.o" --specs=nano.specs -mfpu=fpv4-sp-d16 -mfloat-abi=hard -mthumb -o "Core/flash_ex/EN25QH.o"
arm-none-eabi-gcc "../Core/flash_ex/SPI.c" -mcpu=cortex-m4 -std=gnu11 -g3 -DUSE_HAL_DRIVER -DSTM32L452xx -DDEBUG -c -I../Core/Inc -I../Drivers/STM32L4xx_HAL_Driver/Inc -I../Drivers/STM32L4xx_HAL_Driver/Inc/Legacy -I../Drivers/CMSIS/Device/ST/STM32L4xx/Include -I../Drivers/CMSIS/Include -I"D:/SaoViet/project_1/EN25QH/flash_ex/Core/flash_ex" -O0 -ffunction-sections -fdata-sections -Wall -fstack-usage -MMD -MP -MF"Core/flash_ex/SPI.d" -MT"Core/flash_ex/SPI.o" --specs=nano.specs -mfpu=fpv4-sp-d16 -mfloat-abi=hard -mthumb -o "Core/flash_ex/SPI.o"
arm-none-eabi-gcc -mcpu=cortex-m4 -g3 -c -x assembler-with-cpp -MMD -MP -MF"Core/Startup/startup_stm32l452rctx.d" -MT"Core/Startup/startup_stm32l452rctx.o" --specs=nano.specs -mfpu=fpv4-sp-d16 -mfloat-abi=hard -mthumb -o "Core/Startup/startup_stm32l452rctx.o" "../Core/Startup/startup_stm32l452rctx.s"
arm-none-eabi-gcc "../Core/Src/main.c" -mcpu=cortex-m4 -std=gnu11 -g3 -DUSE_HAL_DRIVER -DSTM32L452xx -DDEBUG -c -I../Core/Inc -I../Drivers/STM32L4xx_HAL_Driver/Inc -I../Drivers/STM32L4xx_HAL_Driver/Inc/Legacy -I../Drivers/CMSIS/Device/ST/STM32L4xx/Include -I../Drivers/CMSIS/Include -I"D:/SaoViet/project_1/EN25QH/flash_ex/Core/flash_ex" -O0 -ffunction-sections -fdata-sections -Wall -fstack-usage -MMD -MP -MF"Core/Src/main.d" -MT"Core/Src/main.o" --specs=nano.specs -mfpu=fpv4-sp-d16 -mfloat-abi=hard -mthumb -o "Core/Src/main.o"
arm-none-eabi-gcc "../Core/Src/stm32l4xx_hal_msp.c" -mcpu=cortex-m4 -std=gnu11 -g3 -DUSE_HAL_DRIVER -DSTM32L452xx -DDEBUG -c -I../Core/Inc -I../Drivers/STM32L4xx_HAL_Driver/Inc -I../Drivers/STM32L4xx_HAL_Driver/Inc/Legacy -I../Drivers/CMSIS/Device/ST/STM32L4xx/Include -I../Drivers/CMSIS/Include -I"D:/SaoViet/project_1/EN25QH/flash_ex/Core/flash_ex" -O0 -ffunction-sections -fdata-sections -Wall -fstack-usage -MMD -MP -MF"Core/Src/stm32l4xx_hal_msp.d" -MT"Core/Src/stm32l4xx_hal_msp.o" --specs=nano.specs -mfpu=fpv4-sp-d16 -mfloat-abi=hard -mthumb -o "Core/Src/stm32l4xx_hal_msp.o"
arm-none-eabi-gcc "../Core/Src/stm32l4xx_it.c" -mcpu=cortex-m4 -std=gnu11 -g3 -DUSE_HAL_DRIVER -DSTM32L452xx -DDEBUG -c -I../Core/Inc -I../Drivers/STM32L4xx_HAL_Driver/Inc -I../Drivers/STM32L4xx_HAL_Driver/Inc/Legacy -I../Drivers/CMSIS/Device/ST/STM32L4xx/Include -I../Drivers/CMSIS/Include -I"D:/SaoViet/project_1/EN25QH/flash_ex/Core/flash_ex" -O0 -ffunction-sections -fdata-sections -Wall -fstack-usage -MMD -MP -MF"Core/Src/stm32l4xx_it.d" -MT"Core/Src/stm32l4xx_it.o" --specs=nano.specs -mfpu=fpv4-sp-d16 -mfloat-abi=hard -mthumb -o "Core/Src/stm32l4xx_it.o"
../Core/Src/main.c: In function 'main':
../Core/Src/main.c:102:16: warning: implicit declaration of function 'Flash_EN25QH_Connect' [-Wimplicit-function-declaration]
    device_id = Flash_EN25QH_Connect();
                ^~~~~~~~~~~~~~~~~~~~
arm-none-eabi-gcc "../Core/Src/syscalls.c" -mcpu=cortex-m4 -std=gnu11 -g3 -DUSE_HAL_DRIVER -DSTM32L452xx -DDEBUG -c -I../Core/Inc -I../Drivers/STM32L4xx_HAL_Driver/Inc -I../Drivers/STM32L4xx_HAL_Driver/Inc/Legacy -I../Drivers/CMSIS/Device/ST/STM32L4xx/Include -I../Drivers/CMSIS/Include -I"D:/SaoViet/project_1/EN25QH/flash_ex/Core/flash_ex" -O0 -ffunction-sections -fdata-sections -Wall -fstack-usage -MMD -MP -MF"Core/Src/syscalls.d" -MT"Core/Src/syscalls.o" --specs=nano.specs -mfpu=fpv4-sp-d16 -mfloat-abi=hard -mthumb -o "Core/Src/syscalls.o"
arm-none-eabi-gcc "../Core/Src/sysmem.c" -mcpu=cortex-m4 -std=gnu11 -g3 -DUSE_HAL_DRIVER -DSTM32L452xx -DDEBUG -c -I../Core/Inc -I../Drivers/STM32L4xx_HAL_Driver/Inc -I../Drivers/STM32L4xx_HAL_Driver/Inc/Legacy -I../Drivers/CMSIS/Device/ST/STM32L4xx/Include -I../Drivers/CMSIS/Include -I"D:/SaoViet/project_1/EN25QH/flash_ex/Core/flash_ex" -O0 -ffunction-sections -fdata-sections -Wall -fstack-usage -MMD -MP -MF"Core/Src/sysmem.d" -MT"Core/Src/sysmem.o" --specs=nano.specs -mfpu=fpv4-sp-d16 -mfloat-abi=hard -mthumb -o "Core/Src/sysmem.o"
arm-none-eabi-gcc "../Core/Src/system_stm32l4xx.c" -mcpu=cortex-m4 -std=gnu11 -g3 -DUSE_HAL_DRIVER -DSTM32L452xx -DDEBUG -c -I../Core/Inc -I../Drivers/STM32L4xx_HAL_Driver/Inc -I../Drivers/STM32L4xx_HAL_Driver/Inc/Legacy -I../Drivers/CMSIS/Device/ST/STM32L4xx/Include -I../Drivers/CMSIS/Include -I"D:/SaoViet/project_1/EN25QH/flash_ex/Core/flash_ex" -O0 -ffunction-sections -fdata-sections -Wall -fstack-usage -MMD -MP -MF"Core/Src/system_stm32l4xx.d" -MT"Core/Src/system_stm32l4xx.o" --specs=nano.specs -mfpu=fpv4-sp-d16 -mfloat-abi=hard -mthumb -o "Core/Src/system_stm32l4xx.o"
arm-none-eabi-gcc "../Core/Src/time.c" -mcpu=cortex-m4 -std=gnu11 -g3 -DUSE_HAL_DRIVER -DSTM32L452xx -DDEBUG -c -I../Core/Inc -I../Drivers/STM32L4xx_HAL_Driver/Inc -I../Drivers/STM32L4xx_HAL_Driver/Inc/Legacy -I../Drivers/CMSIS/Device/ST/STM32L4xx/Include -I../Drivers/CMSIS/Include -I"D:/SaoViet/project_1/EN25QH/flash_ex/Core/flash_ex" -O0 -ffunction-sections -fdata-sections -Wall -fstack-usage -MMD -MP -MF"Core/Src/time.d" -MT"Core/Src/time.o" --specs=nano.specs -mfpu=fpv4-sp-d16 -mfloat-abi=hard -mthumb -o "Core/Src/time.o"
arm-none-eabi-gcc -o "flash_ex.elf" @"objects.list"   -mcpu=cortex-m4 -T"D:\SaoViet\project_1\EN25QH\flash_ex\STM32L452RCTX_FLASH.ld" --specs=nosys.specs -Wl,-Map="flash_ex.map" -Wl,--gc-sections -static --specs=nano.specs -mfpu=fpv4-sp-d16 -mfloat-abi=hard -mthumb -Wl,--start-group -lc -lm -Wl,--end-group
Finished building target: flash_ex.elf
 
arm-none-eabi-size   flash_ex.elf 
arm-none-eabi-objdump -h -S  flash_ex.elf  > "flash_ex.list"
arm-none-eabi-objcopy  -O binary  flash_ex.elf  "flash_ex.bin"
   text	   data	    bss	    dec	    hex	filename
   9552	     20	   1676	  11248	   2bf0	flash_ex.elf
Finished building: default.size.stdout
 
Finished building: flash_ex.bin
 
Finished building: flash_ex.list
 
09:21:07 **** Incremental Build of configuration Debug for project flash_ex ****
make -j8 all 
arm-none-eabi-gcc "../Core/flash_ex/EN25QH.c" -mcpu=cortex-m4 -std=gnu11 -g3 -DUSE_HAL_DRIVER -DSTM32L452xx -DDEBUG -c -I../Core/Inc -I../Drivers/STM32L4xx_HAL_Driver/Inc -I../Drivers/STM32L4xx_HAL_Driver/Inc/Legacy -I../Drivers/CMSIS/Device/ST/STM32L4xx/Include -I../Drivers/CMSIS/Include -I"D:/SaoViet/project_1/EN25QH/flash_ex/Core/flash_ex" -O0 -ffunction-sections -fdata-sections -Wall -fstack-usage -MMD -MP -MF"Core/flash_ex/EN25QH.d" -MT"Core/flash_ex/EN25QH.o" --specs=nano.specs -mfpu=fpv4-sp-d16 -mfloat-abi=hard -mthumb -o "Core/flash_ex/EN25QH.o"
../Core/flash_ex/EN25QH.c: In function 'sFLASH_EraseSector':
../Core/flash_ex/EN25QH.c:106:3: warning: implicit declaration of function 'sFLASH_WriteEnable'; did you mean 'FLASH_PageErase'? [-Wimplicit-function-declaration]
   sFLASH_WriteEnable();
   ^~~~~~~~~~~~~~~~~~
   FLASH_PageErase
../Core/flash_ex/EN25QH.c:110:3: warning: implicit declaration of function 'sFLASH_CS_LOW'; did you mean 'FLASH_CR_LOCK'? [-Wimplicit-function-declaration]
   sFLASH_CS_LOW();
   ^~~~~~~~~~~~~
   FLASH_CR_LOCK
../Core/flash_ex/EN25QH.c:112:3: warning: implicit declaration of function 'sFLASH_SendByte'; did you mean 'FLASH_SR_BSY'? [-Wimplicit-function-declaration]
   sFLASH_SendByte(sFLASH_CMD_SE);
   ^~~~~~~~~~~~~~~
   FLASH_SR_BSY
../Core/flash_ex/EN25QH.c:112:19: error: 'sFLASH_CMD_SE' undeclared (first use in this function); did you mean 'FLASH_CR_PG'?
   sFLASH_SendByte(sFLASH_CMD_SE);
                   ^~~~~~~~~~~~~
                   FLASH_CR_PG
../Core/flash_ex/EN25QH.c:112:19: note: each undeclared identifier is reported only once for each function it appears in
../Core/flash_ex/EN25QH.c:120:3: warning: implicit declaration of function 'sFLASH_CS_HIGH'; did you mean 'FLASH_CR_PG'? [-Wimplicit-function-declaration]
   sFLASH_CS_HIGH();
   ^~~~~~~~~~~~~~
   FLASH_CR_PG
../Core/flash_ex/EN25QH.c:123:3: warning: implicit declaration of function 'sFLASH_WaitForWriteEnd'; did you mean 'Flash_EN25QH_WaitForWriteEnd'? [-Wimplicit-function-declaration]
   sFLASH_WaitForWriteEnd();
   ^~~~~~~~~~~~~~~~~~~~~~
   Flash_EN25QH_WaitForWriteEnd
make: *** [Core/flash_ex/subdir.mk:21: Core/flash_ex/EN25QH.o] Error 1
"make -j8 all" terminated with exit code 2. Build might be incomplete.
09:25:11 **** Incremental Build of configuration Debug for project flash_ex ****
make -j8 all 
arm-none-eabi-gcc "../Core/flash_ex/EN25QH.c" -mcpu=cortex-m4 -std=gnu11 -g3 -DUSE_HAL_DRIVER -DSTM32L452xx -DDEBUG -c -I../Core/Inc -I../Drivers/STM32L4xx_HAL_Driver/Inc -I../Drivers/STM32L4xx_HAL_Driver/Inc/Legacy -I../Drivers/CMSIS/Device/ST/STM32L4xx/Include -I../Drivers/CMSIS/Include -I"D:/SaoViet/project_1/EN25QH/flash_ex/Core/flash_ex" -O0 -ffunction-sections -fdata-sections -Wall -fstack-usage -MMD -MP -MF"Core/flash_ex/EN25QH.d" -MT"Core/flash_ex/EN25QH.o" --specs=nano.specs -mfpu=fpv4-sp-d16 -mfloat-abi=hard -mthumb -o "Core/flash_ex/EN25QH.o"
../Core/flash_ex/EN25QH.c: In function 'sFLASH_EraseSector':
../Core/flash_ex/EN25QH.c:123:3: warning: implicit declaration of function 'sFLASH_WaitForWriteEnd'; did you mean 'FLASH_WaitForLastOperation'? [-Wimplicit-function-declaration]
   sFLASH_WaitForWriteEnd();
   ^~~~~~~~~~~~~~~~~~~~~~
   FLASH_WaitForLastOperation
arm-none-eabi-gcc -o "flash_ex.elf" @"objects.list"   -mcpu=cortex-m4 -T"D:\SaoViet\project_1\EN25QH\flash_ex\STM32L452RCTX_FLASH.ld" --specs=nosys.specs -Wl,-Map="flash_ex.map" -Wl,--gc-sections -static --specs=nano.specs -mfpu=fpv4-sp-d16 -mfloat-abi=hard -mthumb -Wl,--start-group -lc -lm -Wl,--end-group
Finished building target: flash_ex.elf
 
arm-none-eabi-objdump -h -S  flash_ex.elf  > "flash_ex.list"
arm-none-eabi-objcopy  -O binary  flash_ex.elf  "flash_ex.bin"
arm-none-eabi-size   flash_ex.elf 
   text	   data	    bss	    dec	    hex	filename
   9552	     20	   1676	  11248	   2bf0	flash_ex.elf
Finished building: default.size.stdout
 
Finished building: flash_ex.bin
 
Finished building: flash_ex.list
 
09:31:29 **** Incremental Build of configuration Debug for project flash_ex ****
make -j8 all 
arm-none-eabi-gcc "../Core/flash_ex/EN25QH.c" -mcpu=cortex-m4 -std=gnu11 -g3 -DUSE_HAL_DRIVER -DSTM32L452xx -DDEBUG -c -I../Core/Inc -I../Drivers/STM32L4xx_HAL_Driver/Inc -I../Drivers/STM32L4xx_HAL_Driver/Inc/Legacy -I../Drivers/CMSIS/Device/ST/STM32L4xx/Include -I../Drivers/CMSIS/Include -I"D:/SaoViet/project_1/EN25QH/flash_ex/Core/flash_ex" -O0 -ffunction-sections -fdata-sections -Wall -fstack-usage -MMD -MP -MF"Core/flash_ex/EN25QH.d" -MT"Core/flash_ex/EN25QH.o" --specs=nano.specs -mfpu=fpv4-sp-d16 -mfloat-abi=hard -mthumb -o "Core/flash_ex/EN25QH.o"
../Core/flash_ex/EN25QH.c: In function 'sFLASH_EraseSector':
../Core/flash_ex/EN25QH.c:123:3: warning: implicit declaration of function 'sFLASH_WaitForWriteEnd'; did you mean 'FLASH_WaitForLastOperation'? [-Wimplicit-function-declaration]
   sFLASH_WaitForWriteEnd();
   ^~~~~~~~~~~~~~~~~~~~~~
   FLASH_WaitForLastOperation
../Core/flash_ex/EN25QH.c: At top level:
../Core/flash_ex/EN25QH.c:132:6: warning: conflicting types for 'sFLASH_WaitForWriteEnd'
 void sFLASH_WaitForWriteEnd(void)
      ^~~~~~~~~~~~~~~~~~~~~~
../Core/flash_ex/EN25QH.c:123:3: note: previous implicit declaration of 'sFLASH_WaitForWriteEnd' was here
   sFLASH_WaitForWriteEnd();
   ^~~~~~~~~~~~~~~~~~~~~~
../Core/flash_ex/EN25QH.c: In function 'sFLASH_WaitForWriteEnd':
../Core/flash_ex/EN25QH.c:137:3: warning: implicit declaration of function 'sFLASH_CS_LOW'; did you mean 'FLASH_CR_LOCK'? [-Wimplicit-function-declaration]
   sFLASH_CS_LOW();
   ^~~~~~~~~~~~~
   FLASH_CR_LOCK
../Core/flash_ex/EN25QH.c:140:3: warning: implicit declaration of function 'sFLASH_SendByte'; did you mean 'FLASH_SR_BSY'? [-Wimplicit-function-declaration]
   sFLASH_SendByte(sFLASH_CMD_RDSR);
   ^~~~~~~~~~~~~~~
   FLASH_SR_BSY
../Core/flash_ex/EN25QH.c:140:19: error: 'sFLASH_CMD_RDSR' undeclared (first use in this function); did you mean 'FLASH_SR_RDERR'?
   sFLASH_SendByte(sFLASH_CMD_RDSR);
                   ^~~~~~~~~~~~~~~
                   FLASH_SR_RDERR
../Core/flash_ex/EN25QH.c:140:19: note: each undeclared identifier is reported only once for each function it appears in
../Core/flash_ex/EN25QH.c:147:35: error: 'sFLASH_DUMMY_BYTE' undeclared (first use in this function); did you mean 'DUMMY_BYTE'?
     flashstatus = sFLASH_SendByte(sFLASH_DUMMY_BYTE);
                                   ^~~~~~~~~~~~~~~~~
                                   DUMMY_BYTE
../Core/flash_ex/EN25QH.c:150:25: error: 'sFLASH_WIP_FLAG' undeclared (first use in this function); did you mean 'sFLASH_CMD_RDSR'?
   while ((flashstatus & sFLASH_WIP_FLAG) == SET); /* Write in progress */
                         ^~~~~~~~~~~~~~~
                         sFLASH_CMD_RDSR
../Core/flash_ex/EN25QH.c:153:3: warning: implicit declaration of function 'sFLASH_CS_HIGH'; did you mean 'FLASH_CR_PG'? [-Wimplicit-function-declaration]
   sFLASH_CS_HIGH();
   ^~~~~~~~~~~~~~
   FLASH_CR_PG
make: *** [Core/flash_ex/subdir.mk:21: Core/flash_ex/EN25QH.o] Error 1
"make -j8 all" terminated with exit code 2. Build might be incomplete.
09:31:41 **** Incremental Build of configuration Debug for project flash_ex ****
make -j8 all 
arm-none-eabi-gcc "../Core/flash_ex/EN25QH.c" -mcpu=cortex-m4 -std=gnu11 -g3 -DUSE_HAL_DRIVER -DSTM32L452xx -DDEBUG -c -I../Core/Inc -I../Drivers/STM32L4xx_HAL_Driver/Inc -I../Drivers/STM32L4xx_HAL_Driver/Inc/Legacy -I../Drivers/CMSIS/Device/ST/STM32L4xx/Include -I../Drivers/CMSIS/Include -I"D:/SaoViet/project_1/EN25QH/flash_ex/Core/flash_ex" -O0 -ffunction-sections -fdata-sections -Wall -fstack-usage -MMD -MP -MF"Core/flash_ex/EN25QH.d" -MT"Core/flash_ex/EN25QH.o" --specs=nano.specs -mfpu=fpv4-sp-d16 -mfloat-abi=hard -mthumb -o "Core/flash_ex/EN25QH.o"
../Core/flash_ex/EN25QH.c: In function 'sFLASH_WaitForWriteEnd':
../Core/flash_ex/EN25QH.c:109:3: warning: implicit declaration of function 'sFLASH_CS_LOW'; did you mean 'FLASH_CR_LOCK'? [-Wimplicit-function-declaration]
   sFLASH_CS_LOW();
   ^~~~~~~~~~~~~
   FLASH_CR_LOCK
../Core/flash_ex/EN25QH.c:112:3: warning: implicit declaration of function 'sFLASH_SendByte'; did you mean 'FLASH_SR_BSY'? [-Wimplicit-function-declaration]
   sFLASH_SendByte(sFLASH_CMD_RDSR);
   ^~~~~~~~~~~~~~~
   FLASH_SR_BSY
../Core/flash_ex/EN25QH.c:112:19: error: 'sFLASH_CMD_RDSR' undeclared (first use in this function); did you mean 'FLASH_SR_RDERR'?
   sFLASH_SendByte(sFLASH_CMD_RDSR);
                   ^~~~~~~~~~~~~~~
                   FLASH_SR_RDERR
../Core/flash_ex/EN25QH.c:112:19: note: each undeclared identifier is reported only once for each function it appears in
../Core/flash_ex/EN25QH.c:119:35: error: 'sFLASH_DUMMY_BYTE' undeclared (first use in this function); did you mean 'DUMMY_BYTE'?
     flashstatus = sFLASH_SendByte(sFLASH_DUMMY_BYTE);
                                   ^~~~~~~~~~~~~~~~~
                                   DUMMY_BYTE
../Core/flash_ex/EN25QH.c:122:25: error: 'sFLASH_WIP_FLAG' undeclared (first use in this function); did you mean 'sFLASH_CMD_RDSR'?
   while ((flashstatus & sFLASH_WIP_FLAG) == SET); /* Write in progress */
                         ^~~~~~~~~~~~~~~
                         sFLASH_CMD_RDSR
../Core/flash_ex/EN25QH.c:125:3: warning: implicit declaration of function 'sFLASH_CS_HIGH'; did you mean 'FLASH_CR_PG'? [-Wimplicit-function-declaration]
   sFLASH_CS_HIGH();
   ^~~~~~~~~~~~~~
   FLASH_CR_PG
make: *** [Core/flash_ex/subdir.mk:21: Core/flash_ex/EN25QH.o] Error 1
"make -j8 all" terminated with exit code 2. Build might be incomplete.
09:39:28 **** Incremental Build of configuration Debug for project flash_ex ****
make -j8 all 
arm-none-eabi-gcc "../Core/flash_ex/EN25QH.c" -mcpu=cortex-m4 -std=gnu11 -g3 -DUSE_HAL_DRIVER -DSTM32L452xx -DDEBUG -c -I../Core/Inc -I../Drivers/STM32L4xx_HAL_Driver/Inc -I../Drivers/STM32L4xx_HAL_Driver/Inc/Legacy -I../Drivers/CMSIS/Device/ST/STM32L4xx/Include -I../Drivers/CMSIS/Include -I"D:/SaoViet/project_1/EN25QH/flash_ex/Core/flash_ex" -O0 -ffunction-sections -fdata-sections -Wall -fstack-usage -MMD -MP -MF"Core/flash_ex/EN25QH.d" -MT"Core/flash_ex/EN25QH.o" --specs=nano.specs -mfpu=fpv4-sp-d16 -mfloat-abi=hard -mthumb -o "Core/flash_ex/EN25QH.o"
arm-none-eabi-gcc -o "flash_ex.elf" @"objects.list"   -mcpu=cortex-m4 -T"D:\SaoViet\project_1\EN25QH\flash_ex\STM32L452RCTX_FLASH.ld" --specs=nosys.specs -Wl,-Map="flash_ex.map" -Wl,--gc-sections -static --specs=nano.specs -mfpu=fpv4-sp-d16 -mfloat-abi=hard -mthumb -Wl,--start-group -lc -lm -Wl,--end-group
Finished building target: flash_ex.elf
 
arm-none-eabi-objdump -h -S  flash_ex.elf  > "flash_ex.list"
arm-none-eabi-objcopy  -O binary  flash_ex.elf  "flash_ex.bin"
arm-none-eabi-size   flash_ex.elf 
   text	   data	    bss	    dec	    hex	filename
   9552	     20	   1676	  11248	   2bf0	flash_ex.elf
Finished building: default.size.stdout
 
Finished building: flash_ex.bin
 
Finished building: flash_ex.list
 
14:00:55 **** Incremental Build of configuration Debug for project flash_ex ****
make -j8 all 
arm-none-eabi-gcc "../Core/flash_ex/EN25QH.c" -mcpu=cortex-m4 -std=gnu11 -g3 -DUSE_HAL_DRIVER -DSTM32L452xx -DDEBUG -c -I../Core/Inc -I../Drivers/STM32L4xx_HAL_Driver/Inc -I../Drivers/STM32L4xx_HAL_Driver/Inc/Legacy -I../Drivers/CMSIS/Device/ST/STM32L4xx/Include -I../Drivers/CMSIS/Include -I"D:/SaoViet/project_1/EN25QH/flash_ex/Core/flash_ex" -O0 -ffunction-sections -fdata-sections -Wall -fstack-usage -MMD -MP -MF"Core/flash_ex/EN25QH.d" -MT"Core/flash_ex/EN25QH.o" --specs=nano.specs -mfpu=fpv4-sp-d16 -mfloat-abi=hard -mthumb -o "Core/flash_ex/EN25QH.o"
arm-none-eabi-gcc -o "flash_ex.elf" @"objects.list"   -mcpu=cortex-m4 -T"D:\SaoViet\project_1\EN25QH\flash_ex\STM32L452RCTX_FLASH.ld" --specs=nosys.specs -Wl,-Map="flash_ex.map" -Wl,--gc-sections -static --specs=nano.specs -mfpu=fpv4-sp-d16 -mfloat-abi=hard -mthumb -Wl,--start-group -lc -lm -Wl,--end-group
Finished building target: flash_ex.elf
 
arm-none-eabi-objdump -h -S  flash_ex.elf  > "flash_ex.list"
arm-none-eabi-objcopy  -O binary  flash_ex.elf  "flash_ex.bin"
arm-none-eabi-size   flash_ex.elf 
   text	   data	    bss	    dec	    hex	filename
   9552	     20	   1676	  11248	   2bf0	flash_ex.elf
Finished building: default.size.stdout
 
Finished building: flash_ex.bin
 
Finished building: flash_ex.list
 
14:07:25 **** Incremental Build of configuration Debug for project flash_ex ****
make -j8 all 
arm-none-eabi-gcc "../Core/flash_ex/EN25QH.c" -mcpu=cortex-m4 -std=gnu11 -g3 -DUSE_HAL_DRIVER -DSTM32L452xx -DDEBUG -c -I../Core/Inc -I../Drivers/STM32L4xx_HAL_Driver/Inc -I../Drivers/STM32L4xx_HAL_Driver/Inc/Legacy -I../Drivers/CMSIS/Device/ST/STM32L4xx/Include -I../Drivers/CMSIS/Include -I"D:/SaoViet/project_1/EN25QH/flash_ex/Core/flash_ex" -O0 -ffunction-sections -fdata-sections -Wall -fstack-usage -MMD -MP -MF"Core/flash_ex/EN25QH.d" -MT"Core/flash_ex/EN25QH.o" --specs=nano.specs -mfpu=fpv4-sp-d16 -mfloat-abi=hard -mthumb -o "Core/flash_ex/EN25QH.o"
../Core/flash_ex/EN25QH.c: In function 'sFLASH_WriteBuffer':
../Core/flash_ex/EN25QH.c:234:22: error: 'sFLASH_SPI_PAGESIZE' undeclared (first use in this function); did you mean 'FLASH_PAGE_SIZE'?
   Addr = WriteAddr % sFLASH_SPI_PAGESIZE;
                      ^~~~~~~~~~~~~~~~~~~
                      FLASH_PAGE_SIZE
../Core/flash_ex/EN25QH.c:234:22: note: each undeclared identifier is reported only once for each function it appears in
../Core/flash_ex/EN25QH.c: In function 'sFLASH_ReadBuffer':
../Core/flash_ex/EN25QH.c:311:3: warning: implicit declaration of function 'sFLASH_CS_LOW'; did you mean 'FLASH_CR_LOCK'? [-Wimplicit-function-declaration]
   sFLASH_CS_LOW();
   ^~~~~~~~~~~~~
   FLASH_CR_LOCK
../Core/flash_ex/EN25QH.c:314:3: warning: implicit declaration of function 'sFLASH_SendByte'; did you mean 'sFLASH_ReadBuffer'? [-Wimplicit-function-declaration]
   sFLASH_SendByte(sFLASH_CMD_READ);
   ^~~~~~~~~~~~~~~
   sFLASH_ReadBuffer
../Core/flash_ex/EN25QH.c:314:19: error: 'sFLASH_CMD_READ' undeclared (first use in this function); did you mean 'FLASH_CR_PER'?
   sFLASH_SendByte(sFLASH_CMD_READ);
                   ^~~~~~~~~~~~~~~
                   FLASH_CR_PER
../Core/flash_ex/EN25QH.c:326:32: error: 'sFLASH_DUMMY_BYTE' undeclared (first use in this function); did you mean 'DUMMY_BYTE'?
     *pBuffer = sFLASH_SendByte(sFLASH_DUMMY_BYTE);
                                ^~~~~~~~~~~~~~~~~
                                DUMMY_BYTE
../Core/flash_ex/EN25QH.c:332:3: warning: implicit declaration of function 'sFLASH_CS_HIGH'; did you mean 'FLASH_CR_PG'? [-Wimplicit-function-declaration]
   sFLASH_CS_HIGH();
   ^~~~~~~~~~~~~~
   FLASH_CR_PG
make: *** [Core/flash_ex/subdir.mk:21: Core/flash_ex/EN25QH.o] Error 1
"make -j8 all" terminated with exit code 2. Build might be incomplete.
14:08:14 **** Incremental Build of configuration Debug for project flash_ex ****
make -j8 all 
arm-none-eabi-gcc "../Core/flash_ex/EN25QH.c" -mcpu=cortex-m4 -std=gnu11 -g3 -DUSE_HAL_DRIVER -DSTM32L452xx -DDEBUG -c -I../Core/Inc -I../Drivers/STM32L4xx_HAL_Driver/Inc -I../Drivers/STM32L4xx_HAL_Driver/Inc/Legacy -I../Drivers/CMSIS/Device/ST/STM32L4xx/Include -I../Drivers/CMSIS/Include -I"D:/SaoViet/project_1/EN25QH/flash_ex/Core/flash_ex" -O0 -ffunction-sections -fdata-sections -Wall -fstack-usage -MMD -MP -MF"Core/flash_ex/EN25QH.d" -MT"Core/flash_ex/EN25QH.o" --specs=nano.specs -mfpu=fpv4-sp-d16 -mfloat-abi=hard -mthumb -o "Core/flash_ex/EN25QH.o"
../Core/flash_ex/EN25QH.c: In function 'sFLASH_StartReadSequence':
../Core/flash_ex/EN25QH.c:233:3: warning: implicit declaration of function 'sFLASH_CS_LOW'; did you mean 'FLASH_CR_LOCK'? [-Wimplicit-function-declaration]
   sFLASH_CS_LOW();
   ^~~~~~~~~~~~~
   FLASH_CR_LOCK
../Core/flash_ex/EN25QH.c:236:3: warning: implicit declaration of function 'sFLASH_SendByte'; did you mean 'FLASH_SR_BSY'? [-Wimplicit-function-declaration]
   sFLASH_SendByte(sFLASH_CMD_READ);
   ^~~~~~~~~~~~~~~
   FLASH_SR_BSY
../Core/flash_ex/EN25QH.c:236:19: error: 'sFLASH_CMD_READ' undeclared (first use in this function); did you mean 'FLASH_CR_PER'?
   sFLASH_SendByte(sFLASH_CMD_READ);
                   ^~~~~~~~~~~~~~~
                   FLASH_CR_PER
../Core/flash_ex/EN25QH.c:236:19: note: each undeclared identifier is reported only once for each function it appears in
../Core/flash_ex/EN25QH.c: In function 'sFLASH_ReadByte':
../Core/flash_ex/EN25QH.c:256:27: error: 'sFLASH_DUMMY_BYTE' undeclared (first use in this function); did you mean 'DUMMY_BYTE'?
   return (sFLASH_SendByte(sFLASH_DUMMY_BYTE));
                           ^~~~~~~~~~~~~~~~~
                           DUMMY_BYTE
../Core/flash_ex/EN25QH.c: At top level:
../Core/flash_ex/EN25QH.c:265:9: error: conflicting types for 'sFLASH_SendByte'
 uint8_t sFLASH_SendByte(uint8_t byte)
         ^~~~~~~~~~~~~~~
../Core/flash_ex/EN25QH.c:236:3: note: previous implicit declaration of 'sFLASH_SendByte' was here
   sFLASH_SendByte(sFLASH_CMD_READ);
   ^~~~~~~~~~~~~~~
../Core/flash_ex/EN25QH.c: In function 'sFLASH_SendByte':
../Core/flash_ex/EN25QH.c:268:10: warning: implicit declaration of function 'SPI_I2S_GetFlagStatus'; did you mean 'HAL_I2C_GetState'? [-Wimplicit-function-declaration]
   while (SPI_I2S_GetFlagStatus(sFLASH_SPI, SPI_I2S_FLAG_TXE) == RESET);
          ^~~~~~~~~~~~~~~~~~~~~
          HAL_I2C_GetState
../Core/flash_ex/EN25QH.c:268:32: error: 'sFLASH_SPI' undeclared (first use in this function); did you mean 'FLASH_SIZE'?
   while (SPI_I2S_GetFlagStatus(sFLASH_SPI, SPI_I2S_FLAG_TXE) == RESET);
                                ^~~~~~~~~~
                                FLASH_SIZE
../Core/flash_ex/EN25QH.c:268:44: error: 'SPI_I2S_FLAG_TXE' undeclared (first use in this function); did you mean 'SPI_FLAG_TXE'?
   while (SPI_I2S_GetFlagStatus(sFLASH_SPI, SPI_I2S_FLAG_TXE) == RESET);
                                            ^~~~~~~~~~~~~~~~
                                            SPI_FLAG_TXE
../Core/flash_ex/EN25QH.c:271:3: warning: implicit declaration of function 'SPI_I2S_SendData' [-Wimplicit-function-declaration]
   SPI_I2S_SendData(sFLASH_SPI, byte);
   ^~~~~~~~~~~~~~~~
../Core/flash_ex/EN25QH.c:274:44: error: 'SPI_I2S_FLAG_RXNE' undeclared (first use in this function); did you mean 'SPI_I2S_FLAG_TXE'?
   while (SPI_I2S_GetFlagStatus(sFLASH_SPI, SPI_I2S_FLAG_RXNE) == RESET);
                                            ^~~~~~~~~~~~~~~~~
                                            SPI_I2S_FLAG_TXE
../Core/flash_ex/EN25QH.c:277:10: warning: implicit declaration of function 'SPI_I2S_ReceiveData'; did you mean 'SPI_Receive'? [-Wimplicit-function-declaration]
   return SPI_I2S_ReceiveData(sFLASH_SPI);
          ^~~~~~~~~~~~~~~~~~~
          SPI_Receive
../Core/flash_ex/EN25QH.c: In function 'sFLASH_ReadByte':
../Core/flash_ex/EN25QH.c:257:1: warning: control reaches end of non-void function [-Wreturn-type]
 }
 ^
../Core/flash_ex/EN25QH.c: In function 'sFLASH_SendByte':
../Core/flash_ex/EN25QH.c:278:1: warning: control reaches end of non-void function [-Wreturn-type]
 }
 ^
make: *** [Core/flash_ex/subdir.mk:21: Core/flash_ex/EN25QH.o] Error 1
"make -j8 all" terminated with exit code 2. Build might be incomplete.
14:17:24 **** Incremental Build of configuration Debug for project flash_ex ****
make -j8 all 
arm-none-eabi-gcc "../Core/flash_ex/EN25QH.c" -mcpu=cortex-m4 -std=gnu11 -g3 -DUSE_HAL_DRIVER -DSTM32L452xx -DDEBUG -c -I../Core/Inc -I../Drivers/STM32L4xx_HAL_Driver/Inc -I../Drivers/STM32L4xx_HAL_Driver/Inc/Legacy -I../Drivers/CMSIS/Device/ST/STM32L4xx/Include -I../Drivers/CMSIS/Include -I"D:/SaoViet/project_1/EN25QH/flash_ex/Core/flash_ex" -O0 -ffunction-sections -fdata-sections -Wall -fstack-usage -MMD -MP -MF"Core/flash_ex/EN25QH.d" -MT"Core/flash_ex/EN25QH.o" --specs=nano.specs -mfpu=fpv4-sp-d16 -mfloat-abi=hard -mthumb -o "Core/flash_ex/EN25QH.o"
../Core/flash_ex/EN25QH.c: In function 'sFLASH_SendByte':
../Core/flash_ex/EN25QH.c:268:10: warning: implicit declaration of function 'SPI_I2S_GetFlagStatus'; did you mean 'HAL_I2C_GetState'? [-Wimplicit-function-declaration]
   while (SPI_I2S_GetFlagStatus(sFLASH_SPI, SPI_I2S_FLAG_TXE) == RESET);
          ^~~~~~~~~~~~~~~~~~~~~
          HAL_I2C_GetState
../Core/flash_ex/EN25QH.c:268:32: error: 'sFLASH_SPI' undeclared (first use in this function); did you mean 'FLASH_SIZE'?
   while (SPI_I2S_GetFlagStatus(sFLASH_SPI, SPI_I2S_FLAG_TXE) == RESET);
                                ^~~~~~~~~~
                                FLASH_SIZE
../Core/flash_ex/EN25QH.c:268:32: note: each undeclared identifier is reported only once for each function it appears in
../Core/flash_ex/EN25QH.c:268:44: error: 'SPI_I2S_FLAG_TXE' undeclared (first use in this function); did you mean 'SPI_FLAG_TXE'?
   while (SPI_I2S_GetFlagStatus(sFLASH_SPI, SPI_I2S_FLAG_TXE) == RESET);
                                            ^~~~~~~~~~~~~~~~
                                            SPI_FLAG_TXE
../Core/flash_ex/EN25QH.c:271:3: warning: implicit declaration of function 'SPI_I2S_SendData' [-Wimplicit-function-declaration]
   SPI_I2S_SendData(sFLASH_SPI, byte);
   ^~~~~~~~~~~~~~~~
../Core/flash_ex/EN25QH.c:274:44: error: 'SPI_I2S_FLAG_RXNE' undeclared (first use in this function); did you mean 'SPI_I2S_FLAG_TXE'?
   while (SPI_I2S_GetFlagStatus(sFLASH_SPI, SPI_I2S_FLAG_RXNE) == RESET);
                                            ^~~~~~~~~~~~~~~~~
                                            SPI_I2S_FLAG_TXE
../Core/flash_ex/EN25QH.c:277:10: warning: implicit declaration of function 'SPI_I2S_ReceiveData'; did you mean 'SPI_Receive'? [-Wimplicit-function-declaration]
   return SPI_I2S_ReceiveData(sFLASH_SPI);
          ^~~~~~~~~~~~~~~~~~~
          SPI_Receive
../Core/flash_ex/EN25QH.c:278:1: warning: control reaches end of non-void function [-Wreturn-type]
 }
 ^
make: *** [Core/flash_ex/subdir.mk:21: Core/flash_ex/EN25QH.o] Error 1
"make -j8 all" terminated with exit code 2. Build might be incomplete.
14:21:00 **** Incremental Build of configuration Debug for project flash_ex ****
make -j8 all 
arm-none-eabi-gcc "../Core/flash_ex/EN25QH.c" -mcpu=cortex-m4 -std=gnu11 -g3 -DUSE_HAL_DRIVER -DSTM32L452xx -DDEBUG -c -I../Core/Inc -I../Drivers/STM32L4xx_HAL_Driver/Inc -I../Drivers/STM32L4xx_HAL_Driver/Inc/Legacy -I../Drivers/CMSIS/Device/ST/STM32L4xx/Include -I../Drivers/CMSIS/Include -I"D:/SaoViet/project_1/EN25QH/flash_ex/Core/flash_ex" -O0 -ffunction-sections -fdata-sections -Wall -fstack-usage -MMD -MP -MF"Core/flash_ex/EN25QH.d" -MT"Core/flash_ex/EN25QH.o" --specs=nano.specs -mfpu=fpv4-sp-d16 -mfloat-abi=hard -mthumb -o "Core/flash_ex/EN25QH.o"
arm-none-eabi-gcc -o "flash_ex.elf" @"objects.list"   -mcpu=cortex-m4 -T"D:\SaoViet\project_1\EN25QH\flash_ex\STM32L452RCTX_FLASH.ld" --specs=nosys.specs -Wl,-Map="flash_ex.map" -Wl,--gc-sections -static --specs=nano.specs -mfpu=fpv4-sp-d16 -mfloat-abi=hard -mthumb -Wl,--start-group -lc -lm -Wl,--end-group
Finished building target: flash_ex.elf
 
arm-none-eabi-objdump -h -S  flash_ex.elf  > "flash_ex.list"
arm-none-eabi-objcopy  -O binary  flash_ex.elf  "flash_ex.bin"
arm-none-eabi-size   flash_ex.elf 
   text	   data	    bss	    dec	    hex	filename
   9552	     20	   1676	  11248	   2bf0	flash_ex.elf
Finished building: default.size.stdout
 
Finished building: flash_ex.bin
 
Finished building: flash_ex.list
 
14:29:10 **** Incremental Build of configuration Debug for project flash_ex ****
make -j8 all 
arm-none-eabi-gcc "../Core/Src/main.c" -mcpu=cortex-m4 -std=gnu11 -g3 -DUSE_HAL_DRIVER -DSTM32L452xx -DDEBUG -c -I../Core/Inc -I../Drivers/STM32L4xx_HAL_Driver/Inc -I../Drivers/STM32L4xx_HAL_Driver/Inc/Legacy -I../Drivers/CMSIS/Device/ST/STM32L4xx/Include -I../Drivers/CMSIS/Include -I"D:/SaoViet/project_1/EN25QH/flash_ex/Core/flash_ex" -O0 -ffunction-sections -fdata-sections -Wall -fstack-usage -MMD -MP -MF"Core/Src/main.d" -MT"Core/Src/main.o" --specs=nano.specs -mfpu=fpv4-sp-d16 -mfloat-abi=hard -mthumb -o "Core/Src/main.o"
../Core/Src/main.c: In function 'main':
../Core/Src/main.c:94:15: warning: implicit declaration of function 'Flash_EN25QH_Connect' [-Wimplicit-function-declaration]
   device_id = Flash_EN25QH_Connect();
               ^~~~~~~~~~~~~~~~~~~~
arm-none-eabi-gcc -o "flash_ex.elf" @"objects.list"   -mcpu=cortex-m4 -T"D:\SaoViet\project_1\EN25QH\flash_ex\STM32L452RCTX_FLASH.ld" --specs=nosys.specs -Wl,-Map="flash_ex.map" -Wl,--gc-sections -static --specs=nano.specs -mfpu=fpv4-sp-d16 -mfloat-abi=hard -mthumb -Wl,--start-group -lc -lm -Wl,--end-group
Finished building target: flash_ex.elf
 
arm-none-eabi-objdump -h -S  flash_ex.elf  > "flash_ex.list"
arm-none-eabi-objcopy  -O binary  flash_ex.elf  "flash_ex.bin"
arm-none-eabi-size   flash_ex.elf 
   text	   data	    bss	    dec	    hex	filename
   9552	     20	   1676	  11248	   2bf0	flash_ex.elf
Finished building: default.size.stdout
 
Finished building: flash_ex.list
 
Finished building: flash_ex.bin
 
14:29:18 **** Incremental Build of configuration Debug for project flash_ex ****
make -j8 all 
arm-none-eabi-size   flash_ex.elf 
   text	   data	    bss	    dec	    hex	filename
   9552	     20	   1676	  11248	   2bf0	flash_ex.elf
Finished building: default.size.stdout
 
14:46:02 **** Incremental Build of configuration Debug for project flash_ex ****
make -j8 all 
arm-none-eabi-gcc "../Core/flash_ex/EN25QH.c" -mcpu=cortex-m4 -std=gnu11 -g3 -DUSE_HAL_DRIVER -DSTM32L452xx -DDEBUG -c -I../Core/Inc -I../Drivers/STM32L4xx_HAL_Driver/Inc -I../Drivers/STM32L4xx_HAL_Driver/Inc/Legacy -I../Drivers/CMSIS/Device/ST/STM32L4xx/Include -I../Drivers/CMSIS/Include -I"D:/SaoViet/project_1/EN25QH/flash_ex/Core/flash_ex" -O0 -ffunction-sections -fdata-sections -Wall -fstack-usage -MMD -MP -MF"Core/flash_ex/EN25QH.d" -MT"Core/flash_ex/EN25QH.o" --specs=nano.specs -mfpu=fpv4-sp-d16 -mfloat-abi=hard -mthumb -o "Core/flash_ex/EN25QH.o"
arm-none-eabi-gcc "../Core/Src/main.c" -mcpu=cortex-m4 -std=gnu11 -g3 -DUSE_HAL_DRIVER -DSTM32L452xx -DDEBUG -c -I../Core/Inc -I../Drivers/STM32L4xx_HAL_Driver/Inc -I../Drivers/STM32L4xx_HAL_Driver/Inc/Legacy -I../Drivers/CMSIS/Device/ST/STM32L4xx/Include -I../Drivers/CMSIS/Include -I"D:/SaoViet/project_1/EN25QH/flash_ex/Core/flash_ex" -O0 -ffunction-sections -fdata-sections -Wall -fstack-usage -MMD -MP -MF"Core/Src/main.d" -MT"Core/Src/main.o" --specs=nano.specs -mfpu=fpv4-sp-d16 -mfloat-abi=hard -mthumb -o "Core/Src/main.o"
../Core/flash_ex/EN25QH.c: In function 'sFLASH_WriteBuffer':
../Core/flash_ex/EN25QH.c:234:22: error: 'sFLASH_SPI_PAGESIZE' undeclared (first use in this function); did you mean 'FLASH_PAGE_SIZE'?
   Addr = WriteAddr % sFLASH_SPI_PAGESIZE;
                      ^~~~~~~~~~~~~~~~~~~
                      FLASH_PAGE_SIZE
../Core/flash_ex/EN25QH.c:234:22: note: each undeclared identifier is reported only once for each function it appears in
../Core/flash_ex/EN25QH.c: In function 'sFLASH_ReadBuffer':
../Core/flash_ex/EN25QH.c:311:3: warning: implicit declaration of function 'sFLASH_CS_LOW'; did you mean 'FLASH_CR_LOCK'? [-Wimplicit-function-declaration]
   sFLASH_CS_LOW();
   ^~~~~~~~~~~~~
   FLASH_CR_LOCK
../Core/Src/main.c: In function 'main':
../Core/Src/main.c:94:15: warning: implicit declaration of function 'Flash_EN25QH_Connect' [-Wimplicit-function-declaration]
   device_id = Flash_EN25QH_Connect();
               ^~~~~~~~~~~~~~~~~~~~
../Core/flash_ex/EN25QH.c:314:3: warning: implicit declaration of function 'sFLASH_SendByte'; did you mean 'sFLASH_ReadBuffer'? [-Wimplicit-function-declaration]
   sFLASH_SendByte(sFLASH_CMD_READ);
   ^~~~~~~~~~~~~~~
   sFLASH_ReadBuffer
../Core/flash_ex/EN25QH.c:314:19: error: 'sFLASH_CMD_READ' undeclared (first use in this function); did you mean 'FLASH_CR_PER'?
   sFLASH_SendByte(sFLASH_CMD_READ);
                   ^~~~~~~~~~~~~~~
                   FLASH_CR_PER
../Core/flash_ex/EN25QH.c:326:32: error: 'sFLASH_DUMMY_BYTE' undeclared (first use in this function); did you mean 'DUMMY_BYTE'?
     *pBuffer = sFLASH_SendByte(sFLASH_DUMMY_BYTE);
                                ^~~~~~~~~~~~~~~~~
                                DUMMY_BYTE
../Core/flash_ex/EN25QH.c:332:3: warning: implicit declaration of function 'sFLASH_CS_HIGH'; did you mean 'FLASH_CR_PG'? [-Wimplicit-function-declaration]
   sFLASH_CS_HIGH();
   ^~~~~~~~~~~~~~
   FLASH_CR_PG
make: *** [Core/flash_ex/subdir.mk:21: Core/flash_ex/EN25QH.o] Error 1
make: *** Waiting for unfinished jobs....
"make -j8 all" terminated with exit code 2. Build might be incomplete.
14:49:00 **** Incremental Build of configuration Debug for project flash_ex ****
make -j8 all 
arm-none-eabi-gcc "../Core/flash_ex/EN25QH.c" -mcpu=cortex-m4 -std=gnu11 -g3 -DUSE_HAL_DRIVER -DSTM32L452xx -DDEBUG -c -I../Core/Inc -I../Drivers/STM32L4xx_HAL_Driver/Inc -I../Drivers/STM32L4xx_HAL_Driver/Inc/Legacy -I../Drivers/CMSIS/Device/ST/STM32L4xx/Include -I../Drivers/CMSIS/Include -I"D:/SaoViet/project_1/EN25QH/flash_ex/Core/flash_ex" -O0 -ffunction-sections -fdata-sections -Wall -fstack-usage -MMD -MP -MF"Core/flash_ex/EN25QH.d" -MT"Core/flash_ex/EN25QH.o" --specs=nano.specs -mfpu=fpv4-sp-d16 -mfloat-abi=hard -mthumb -o "Core/flash_ex/EN25QH.o"
../Core/flash_ex/EN25QH.c: In function 'sFLASH_ReadBuffer':
../Core/flash_ex/EN25QH.c:311:3: warning: implicit declaration of function 'sFLASH_CS_LOW'; did you mean 'FLASH_CR_LOCK'? [-Wimplicit-function-declaration]
   sFLASH_CS_LOW();
   ^~~~~~~~~~~~~
   FLASH_CR_LOCK
../Core/flash_ex/EN25QH.c:314:3: warning: implicit declaration of function 'sFLASH_SendByte'; did you mean 'sFLASH_ReadBuffer'? [-Wimplicit-function-declaration]
   sFLASH_SendByte(sFLASH_CMD_READ);
   ^~~~~~~~~~~~~~~
   sFLASH_ReadBuffer
../Core/flash_ex/EN25QH.c:314:19: error: 'sFLASH_CMD_READ' undeclared (first use in this function); did you mean 'FLASH_CR_PER'?
   sFLASH_SendByte(sFLASH_CMD_READ);
                   ^~~~~~~~~~~~~~~
                   FLASH_CR_PER
../Core/flash_ex/EN25QH.c:314:19: note: each undeclared identifier is reported only once for each function it appears in
../Core/flash_ex/EN25QH.c:326:32: error: 'sFLASH_DUMMY_BYTE' undeclared (first use in this function); did you mean 'DUMMY_BYTE'?
     *pBuffer = sFLASH_SendByte(sFLASH_DUMMY_BYTE);
                                ^~~~~~~~~~~~~~~~~
                                DUMMY_BYTE
../Core/flash_ex/EN25QH.c:332:3: warning: implicit declaration of function 'sFLASH_CS_HIGH'; did you mean 'FLASH_CR_PG'? [-Wimplicit-function-declaration]
   sFLASH_CS_HIGH();
   ^~~~~~~~~~~~~~
   FLASH_CR_PG
make: *** [Core/flash_ex/subdir.mk:21: Core/flash_ex/EN25QH.o] Error 1
"make -j8 all" terminated with exit code 2. Build might be incomplete.
17:43:21 **** Incremental Build of configuration Debug for project flash_ex ****
make -j8 all 
arm-none-eabi-gcc "../Core/flash_ex/EN25QH.c" -mcpu=cortex-m4 -std=gnu11 -g3 -DUSE_HAL_DRIVER -DSTM32L452xx -DDEBUG -c -I../Core/Inc -I../Drivers/STM32L4xx_HAL_Driver/Inc -I../Drivers/STM32L4xx_HAL_Driver/Inc/Legacy -I../Drivers/CMSIS/Device/ST/STM32L4xx/Include -I../Drivers/CMSIS/Include -I"D:/SaoViet/project_1/EN25QH/flash_ex/Core/flash_ex" -O0 -ffunction-sections -fdata-sections -Wall -fstack-usage -MMD -MP -MF"Core/flash_ex/EN25QH.d" -MT"Core/flash_ex/EN25QH.o" --specs=nano.specs -mfpu=fpv4-sp-d16 -mfloat-abi=hard -mthumb -o "Core/flash_ex/EN25QH.o"
../Core/flash_ex/EN25QH.c: In function 'sFLASH_ReadBuffer':
../Core/flash_ex/EN25QH.c:311:3: warning: implicit declaration of function 'sFLASH_CS_LOW'; did you mean 'FLASH_CR_LOCK'? [-Wimplicit-function-declaration]
   sFLASH_CS_LOW();
   ^~~~~~~~~~~~~
   FLASH_CR_LOCK
../Core/flash_ex/EN25QH.c:314:3: warning: implicit declaration of function 'sFLASH_SendByte'; did you mean 'sFLASH_ReadBuffer'? [-Wimplicit-function-declaration]
   sFLASH_SendByte(sFLASH_CMD_READ);
   ^~~~~~~~~~~~~~~
   sFLASH_ReadBuffer
../Core/flash_ex/EN25QH.c:314:19: error: 'sFLASH_CMD_READ' undeclared (first use in this function); did you mean 'FLASH_CR_PER'?
   sFLASH_SendByte(sFLASH_CMD_READ);
                   ^~~~~~~~~~~~~~~
                   FLASH_CR_PER
../Core/flash_ex/EN25QH.c:314:19: note: each undeclared identifier is reported only once for each function it appears in
../Core/flash_ex/EN25QH.c:332:3: warning: implicit declaration of function 'sFLASH_CS_HIGH'; did you mean 'FLASH_CR_PG'? [-Wimplicit-function-declaration]
   sFLASH_CS_HIGH();
   ^~~~~~~~~~~~~~
   FLASH_CR_PG
make: *** [Core/flash_ex/subdir.mk:21: Core/flash_ex/EN25QH.o] Error 1
"make -j8 all" terminated with exit code 2. Build might be incomplete.
17:45:03 **** Incremental Build of configuration Debug for project flash_ex ****
make -j8 all 
arm-none-eabi-gcc "../Core/flash_ex/EN25QH.c" -mcpu=cortex-m4 -std=gnu11 -g3 -DUSE_HAL_DRIVER -DSTM32L452xx -DDEBUG -c -I../Core/Inc -I../Drivers/STM32L4xx_HAL_Driver/Inc -I../Drivers/STM32L4xx_HAL_Driver/Inc/Legacy -I../Drivers/CMSIS/Device/ST/STM32L4xx/Include -I../Drivers/CMSIS/Include -I"D:/SaoViet/project_1/EN25QH/flash_ex/Core/flash_ex" -O0 -ffunction-sections -fdata-sections -Wall -fstack-usage -MMD -MP -MF"Core/flash_ex/EN25QH.d" -MT"Core/flash_ex/EN25QH.o" --specs=nano.specs -mfpu=fpv4-sp-d16 -mfloat-abi=hard -mthumb -o "Core/flash_ex/EN25QH.o"
arm-none-eabi-gcc -o "flash_ex.elf" @"objects.list"   -mcpu=cortex-m4 -T"D:\SaoViet\project_1\EN25QH\flash_ex\STM32L452RCTX_FLASH.ld" --specs=nosys.specs -Wl,-Map="flash_ex.map" -Wl,--gc-sections -static --specs=nano.specs -mfpu=fpv4-sp-d16 -mfloat-abi=hard -mthumb -Wl,--start-group -lc -lm -Wl,--end-group
Finished building target: flash_ex.elf
 
arm-none-eabi-objdump -h -S  flash_ex.elf  > "flash_ex.list"
arm-none-eabi-objcopy  -O binary  flash_ex.elf  "flash_ex.bin"
arm-none-eabi-size   flash_ex.elf 
   text	   data	    bss	    dec	    hex	filename
   9552	     20	   1676	  11248	   2bf0	flash_ex.elf
Finished building: default.size.stdout
 
Finished building: flash_ex.bin
 
Finished building: flash_ex.list
 
21:23:25 **** Incremental Build of configuration Debug for project flash_ex ****
make -j8 all 
arm-none-eabi-gcc "../Core/Src/main.c" -mcpu=cortex-m4 -std=gnu11 -g3 -DUSE_HAL_DRIVER -DSTM32L452xx -DDEBUG -c -I../Core/Inc -I../Drivers/STM32L4xx_HAL_Driver/Inc -I../Drivers/STM32L4xx_HAL_Driver/Inc/Legacy -I../Drivers/CMSIS/Device/ST/STM32L4xx/Include -I../Drivers/CMSIS/Include -I"D:/SaoViet/project_1/EN25QH/flash_ex/Core/flash_ex" -O0 -ffunction-sections -fdata-sections -Wall -fstack-usage -MMD -MP -MF"Core/Src/main.d" -MT"Core/Src/main.o" --specs=nano.specs -mfpu=fpv4-sp-d16 -mfloat-abi=hard -mthumb -o "Core/Src/main.o"
../Core/Src/main.c: In function 'main':
../Core/Src/main.c:106:15: warning: implicit declaration of function 'Flash_EN25QH_Connect' [-Wimplicit-function-declaration]
   device_id = Flash_EN25QH_Connect();
               ^~~~~~~~~~~~~~~~~~~~
../Core/Src/main.c:108:7: error: 'FlashID' undeclared (first use in this function); did you mean 'pFlash'?
   if (FlashID == sFLASH_M25P64_ID)
       ^~~~~~~
       pFlash
../Core/Src/main.c:108:7: note: each undeclared identifier is reported only once for each function it appears in
../Core/Src/main.c:108:18: error: 'sFLASH_M25P64_ID' undeclared (first use in this function); did you mean 'FLASH_OPTR_RDP'?
   if (FlashID == sFLASH_M25P64_ID)
                  ^~~~~~~~~~~~~~~~
                  FLASH_OPTR_RDP
../Core/Src/main.c:111:5: warning: implicit declaration of function 'STM_EVAL_LEDOn'; did you mean 'STM32_HAL_LEGACY'? [-Wimplicit-function-declaration]
     STM_EVAL_LEDOn(LED1);
     ^~~~~~~~~~~~~~
     STM32_HAL_LEGACY
../Core/Src/main.c:111:20: error: 'LED1' undeclared (first use in this function)
     STM_EVAL_LEDOn(LED1);
                    ^~~~
../Core/Src/main.c:115:5: warning: implicit declaration of function 'sFLASH_EraseSector' [-Wimplicit-function-declaration]
     sFLASH_EraseSector(FLASH_SECTOR_TO_ERASE);
     ^~~~~~~~~~~~~~~~~~
../Core/Src/main.c:118:5: warning: implicit declaration of function 'sFLASH_WriteBuffer' [-Wimplicit-function-declaration]
     sFLASH_WriteBuffer(Tx_Buffer, FLASH_WRITE_ADDRESS, BufferSize);
     ^~~~~~~~~~~~~~~~~~
../Core/Src/main.c:121:5: warning: implicit declaration of function 'sFLASH_ReadBuffer' [-Wimplicit-function-declaration]
     sFLASH_ReadBuffer(Rx_Buffer, FLASH_READ_ADDRESS, BufferSize);
     ^~~~~~~~~~~~~~~~~
make: *** [Core/Src/subdir.mk:36: Core/Src/main.o] Error 1
"make -j8 all" terminated with exit code 2. Build might be incomplete.
21:41:18 **** Incremental Build of configuration Debug for project flash_ex ****
make -j8 all 
arm-none-eabi-gcc "../Core/Src/main.c" -mcpu=cortex-m4 -std=gnu11 -g3 -DUSE_HAL_DRIVER -DSTM32L452xx -DDEBUG -c -I../Core/Inc -I../Drivers/STM32L4xx_HAL_Driver/Inc -I../Drivers/STM32L4xx_HAL_Driver/Inc/Legacy -I../Drivers/CMSIS/Device/ST/STM32L4xx/Include -I../Drivers/CMSIS/Include -I"D:/SaoViet/project_1/EN25QH/flash_ex/Core/flash_ex" -O0 -ffunction-sections -fdata-sections -Wall -fstack-usage -MMD -MP -MF"Core/Src/main.d" -MT"Core/Src/main.o" --specs=nano.specs -mfpu=fpv4-sp-d16 -mfloat-abi=hard -mthumb -o "Core/Src/main.o"
../Core/Src/main.c: In function 'main':
../Core/Src/main.c:106:15: warning: implicit declaration of function 'Flash_EN25QH_Connect' [-Wimplicit-function-declaration]
   device_id = Flash_EN25QH_Connect();
               ^~~~~~~~~~~~~~~~~~~~
../Core/Src/main.c:108:20: error: 'FLASH_EN25QH_ID' undeclared (first use in this function); did you mean 'FLASH_ERROR_RD'?
   if (device_id == FLASH_EN25QH_ID)
                    ^~~~~~~~~~~~~~~
                    FLASH_ERROR_RD
../Core/Src/main.c:108:20: note: each undeclared identifier is reported only once for each function it appears in
../Core/Src/main.c:115:5: warning: implicit declaration of function 'sFLASH_EraseSector' [-Wimplicit-function-declaration]
     sFLASH_EraseSector(FLASH_SECTOR_TO_ERASE);
     ^~~~~~~~~~~~~~~~~~
../Core/Src/main.c:118:5: warning: implicit declaration of function 'sFLASH_WriteBuffer' [-Wimplicit-function-declaration]
     sFLASH_WriteBuffer(Tx_Buffer, FLASH_WRITE_ADDRESS, BufferSize);
     ^~~~~~~~~~~~~~~~~~
../Core/Src/main.c:121:5: warning: implicit declaration of function 'sFLASH_ReadBuffer' [-Wimplicit-function-declaration]
     sFLASH_ReadBuffer(Rx_Buffer, FLASH_READ_ADDRESS, BufferSize);
     ^~~~~~~~~~~~~~~~~
make: *** [Core/Src/subdir.mk:36: Core/Src/main.o] Error 1
"make -j8 all" terminated with exit code 2. Build might be incomplete.
21:41:58 **** Incremental Build of configuration Debug for project flash_ex ****
make -j8 all 
arm-none-eabi-gcc "../Core/Src/main.c" -mcpu=cortex-m4 -std=gnu11 -g3 -DUSE_HAL_DRIVER -DSTM32L452xx -DDEBUG -c -I../Core/Inc -I../Drivers/STM32L4xx_HAL_Driver/Inc -I../Drivers/STM32L4xx_HAL_Driver/Inc/Legacy -I../Drivers/CMSIS/Device/ST/STM32L4xx/Include -I../Drivers/CMSIS/Include -I"D:/SaoViet/project_1/EN25QH/flash_ex/Core/flash_ex" -O0 -ffunction-sections -fdata-sections -Wall -fstack-usage -MMD -MP -MF"Core/Src/main.d" -MT"Core/Src/main.o" --specs=nano.specs -mfpu=fpv4-sp-d16 -mfloat-abi=hard -mthumb -o "Core/Src/main.o"
../Core/Src/main.c: In function 'main':
../Core/Src/main.c:115:5: warning: implicit declaration of function 'sFLASH_EraseSector' [-Wimplicit-function-declaration]
     sFLASH_EraseSector(FLASH_SECTOR_TO_ERASE);
     ^~~~~~~~~~~~~~~~~~
../Core/Src/main.c:118:5: warning: implicit declaration of function 'sFLASH_WriteBuffer' [-Wimplicit-function-declaration]
     sFLASH_WriteBuffer(Tx_Buffer, FLASH_WRITE_ADDRESS, BufferSize);
     ^~~~~~~~~~~~~~~~~~
../Core/Src/main.c:121:5: warning: implicit declaration of function 'sFLASH_ReadBuffer' [-Wimplicit-function-declaration]
     sFLASH_ReadBuffer(Rx_Buffer, FLASH_READ_ADDRESS, BufferSize);
     ^~~~~~~~~~~~~~~~~
arm-none-eabi-gcc -o "flash_ex.elf" @"objects.list"   -mcpu=cortex-m4 -T"D:\SaoViet\project_1\EN25QH\flash_ex\STM32L452RCTX_FLASH.ld" --specs=nosys.specs -Wl,-Map="flash_ex.map" -Wl,--gc-sections -static --specs=nano.specs -mfpu=fpv4-sp-d16 -mfloat-abi=hard -mthumb -Wl,--start-group -lc -lm -Wl,--end-group
Finished building target: flash_ex.elf
 
arm-none-eabi-objdump -h -S  flash_ex.elf  > "flash_ex.list"
arm-none-eabi-objcopy  -O binary  flash_ex.elf  "flash_ex.bin"
arm-none-eabi-size   flash_ex.elf 
   text	   data	    bss	    dec	    hex	filename
  10492	    100	   1756	  12348	   303c	flash_ex.elf
Finished building: default.size.stdout
 
Finished building: flash_ex.bin
 
Finished building: flash_ex.list
 
22:02:09 **** Incremental Build of configuration Debug for project flash_ex ****
make -j8 all 
arm-none-eabi-size   flash_ex.elf 
   text	   data	    bss	    dec	    hex	filename
  10492	    100	   1756	  12348	   303c	flash_ex.elf
Finished building: default.size.stdout
 
22:08:07 **** Incremental Build of configuration Debug for project flash_ex ****
make -j8 all 
arm-none-eabi-size   flash_ex.elf 
   text	   data	    bss	    dec	    hex	filename
  10492	    100	   1756	  12348	   303c	flash_ex.elf
Finished building: default.size.stdout
 
22:28:28 **** Incremental Build of configuration Debug for project flash_ex ****
make -j8 all 
arm-none-eabi-gcc "../Core/Src/main.c" -mcpu=cortex-m4 -std=gnu11 -g3 -DUSE_HAL_DRIVER -DSTM32L452xx -DDEBUG -c -I../Core/Inc -I../Drivers/STM32L4xx_HAL_Driver/Inc -I../Drivers/STM32L4xx_HAL_Driver/Inc/Legacy -I../Drivers/CMSIS/Device/ST/STM32L4xx/Include -I../Drivers/CMSIS/Include -I"D:/SaoViet/project_1/EN25QH/flash_ex/Core/flash_ex" -O0 -ffunction-sections -fdata-sections -Wall -fstack-usage -MMD -MP -MF"Core/Src/main.d" -MT"Core/Src/main.o" --specs=nano.specs -mfpu=fpv4-sp-d16 -mfloat-abi=hard -mthumb -o "Core/Src/main.o"
../Core/Src/main.c: In function 'main':
../Core/Src/main.c:115:5: warning: implicit declaration of function 'sFLASH_EraseSector' [-Wimplicit-function-declaration]
     sFLASH_EraseSector(FLASH_SECTOR_TO_ERASE);
     ^~~~~~~~~~~~~~~~~~
../Core/Src/main.c:118:5: warning: implicit declaration of function 'sFLASH_WriteBuffer' [-Wimplicit-function-declaration]
     sFLASH_WriteBuffer(Tx_Buffer, FLASH_WRITE_ADDRESS, BufferSize);
     ^~~~~~~~~~~~~~~~~~
../Core/Src/main.c:121:5: warning: implicit declaration of function 'sFLASH_ReadBuffer' [-Wimplicit-function-declaration]
     sFLASH_ReadBuffer(Rx_Buffer, FLASH_READ_ADDRESS, BufferSize);
     ^~~~~~~~~~~~~~~~~
arm-none-eabi-gcc -o "flash_ex.elf" @"objects.list"   -mcpu=cortex-m4 -T"D:\SaoViet\project_1\EN25QH\flash_ex\STM32L452RCTX_FLASH.ld" --specs=nosys.specs -Wl,-Map="flash_ex.map" -Wl,--gc-sections -static --specs=nano.specs -mfpu=fpv4-sp-d16 -mfloat-abi=hard -mthumb -Wl,--start-group -lc -lm -Wl,--end-group
Finished building target: flash_ex.elf
 
arm-none-eabi-objdump -h -S  flash_ex.elf  > "flash_ex.list"
arm-none-eabi-objcopy  -O binary  flash_ex.elf  "flash_ex.bin"
arm-none-eabi-size   flash_ex.elf 
   text	   data	    bss	    dec	    hex	filename
  10492	     28	   1692	  12212	   2fb4	flash_ex.elf
Finished building: default.size.stdout
 
Finished building: flash_ex.bin
 
Finished building: flash_ex.list
 
22:28:34 **** Incremental Build of configuration Debug for project flash_ex ****
make -j8 all 
arm-none-eabi-size   flash_ex.elf 
   text	   data	    bss	    dec	    hex	filename
  10492	     28	   1692	  12212	   2fb4	flash_ex.elf
Finished building: default.size.stdout
 
22:33:37 **** Incremental Build of configuration Debug for project flash_ex ****
make -j8 all 
arm-none-eabi-gcc "../Core/Src/system_stm32l4xx.c" -mcpu=cortex-m4 -std=gnu11 -g3 -DUSE_HAL_DRIVER -DSTM32L452xx -DDEBUG -c -I../Core/Inc -I../Drivers/STM32L4xx_HAL_Driver/Inc -I../Drivers/STM32L4xx_HAL_Driver/Inc/Legacy -I../Drivers/CMSIS/Device/ST/STM32L4xx/Include -I../Drivers/CMSIS/Include -I"D:/SaoViet/project_1/EN25QH/flash_ex/Core/flash_ex" -O0 -ffunction-sections -fdata-sections -Wall -fstack-usage -MMD -MP -MF"Core/Src/system_stm32l4xx.d" -MT"Core/Src/system_stm32l4xx.o" --specs=nano.specs -mfpu=fpv4-sp-d16 -mfloat-abi=hard -mthumb -o "Core/Src/system_stm32l4xx.o"
arm-none-eabi-gcc "../Drivers/STM32L4xx_HAL_Driver/Src/stm32l4xx_hal.c" -mcpu=cortex-m4 -std=gnu11 -g3 -DUSE_HAL_DRIVER -DSTM32L452xx -DDEBUG -c -I../Core/Inc -I../Drivers/STM32L4xx_HAL_Driver/Inc -I../Drivers/STM32L4xx_HAL_Driver/Inc/Legacy -I../Drivers/CMSIS/Device/ST/STM32L4xx/Include -I../Drivers/CMSIS/Include -I"D:/SaoViet/project_1/EN25QH/flash_ex/Core/flash_ex" -O0 -ffunction-sections -fdata-sections -Wall -fstack-usage -MMD -MP -MF"Drivers/STM32L4xx_HAL_Driver/Src/stm32l4xx_hal.d" -MT"Drivers/STM32L4xx_HAL_Driver/Src/stm32l4xx_hal.o" --specs=nano.specs -mfpu=fpv4-sp-d16 -mfloat-abi=hard -mthumb -o "Drivers/STM32L4xx_HAL_Driver/Src/stm32l4xx_hal.o"
arm-none-eabi-gcc "../Drivers/STM32L4xx_HAL_Driver/Src/stm32l4xx_hal_cortex.c" -mcpu=cortex-m4 -std=gnu11 -g3 -DUSE_HAL_DRIVER -DSTM32L452xx -DDEBUG -c -I../Core/Inc -I../Drivers/STM32L4xx_HAL_Driver/Inc -I../Drivers/STM32L4xx_HAL_Driver/Inc/Legacy -I../Drivers/CMSIS/Device/ST/STM32L4xx/Include -I../Drivers/CMSIS/Include -I"D:/SaoViet/project_1/EN25QH/flash_ex/Core/flash_ex" -O0 -ffunction-sections -fdata-sections -Wall -fstack-usage -MMD -MP -MF"Drivers/STM32L4xx_HAL_Driver/Src/stm32l4xx_hal_cortex.d" -MT"Drivers/STM32L4xx_HAL_Driver/Src/stm32l4xx_hal_cortex.o" --specs=nano.specs -mfpu=fpv4-sp-d16 -mfloat-abi=hard -mthumb -o "Drivers/STM32L4xx_HAL_Driver/Src/stm32l4xx_hal_cortex.o"
arm-none-eabi-gcc "../Drivers/STM32L4xx_HAL_Driver/Src/stm32l4xx_hal_dma.c" -mcpu=cortex-m4 -std=gnu11 -g3 -DUSE_HAL_DRIVER -DSTM32L452xx -DDEBUG -c -I../Core/Inc -I../Drivers/STM32L4xx_HAL_Driver/Inc -I../Drivers/STM32L4xx_HAL_Driver/Inc/Legacy -I../Drivers/CMSIS/Device/ST/STM32L4xx/Include -I../Drivers/CMSIS/Include -I"D:/SaoViet/project_1/EN25QH/flash_ex/Core/flash_ex" -O0 -ffunction-sections -fdata-sections -Wall -fstack-usage -MMD -MP -MF"Drivers/STM32L4xx_HAL_Driver/Src/stm32l4xx_hal_dma.d" -MT"Drivers/STM32L4xx_HAL_Driver/Src/stm32l4xx_hal_dma.o" --specs=nano.specs -mfpu=fpv4-sp-d16 -mfloat-abi=hard -mthumb -o "Drivers/STM32L4xx_HAL_Driver/Src/stm32l4xx_hal_dma.o"
arm-none-eabi-gcc "../Drivers/STM32L4xx_HAL_Driver/Src/stm32l4xx_hal_dma_ex.c" -mcpu=cortex-m4 -std=gnu11 -g3 -DUSE_HAL_DRIVER -DSTM32L452xx -DDEBUG -c -I../Core/Inc -I../Drivers/STM32L4xx_HAL_Driver/Inc -I../Drivers/STM32L4xx_HAL_Driver/Inc/Legacy -I../Drivers/CMSIS/Device/ST/STM32L4xx/Include -I../Drivers/CMSIS/Include -I"D:/SaoViet/project_1/EN25QH/flash_ex/Core/flash_ex" -O0 -ffunction-sections -fdata-sections -Wall -fstack-usage -MMD -MP -MF"Drivers/STM32L4xx_HAL_Driver/Src/stm32l4xx_hal_dma_ex.d" -MT"Drivers/STM32L4xx_HAL_Driver/Src/stm32l4xx_hal_dma_ex.o" --specs=nano.specs -mfpu=fpv4-sp-d16 -mfloat-abi=hard -mthumb -o "Drivers/STM32L4xx_HAL_Driver/Src/stm32l4xx_hal_dma_ex.o"
arm-none-eabi-gcc "../Drivers/STM32L4xx_HAL_Driver/Src/stm32l4xx_hal_exti.c" -mcpu=cortex-m4 -std=gnu11 -g3 -DUSE_HAL_DRIVER -DSTM32L452xx -DDEBUG -c -I../Core/Inc -I../Drivers/STM32L4xx_HAL_Driver/Inc -I../Drivers/STM32L4xx_HAL_Driver/Inc/Legacy -I../Drivers/CMSIS/Device/ST/STM32L4xx/Include -I../Drivers/CMSIS/Include -I"D:/SaoViet/project_1/EN25QH/flash_ex/Core/flash_ex" -O0 -ffunction-sections -fdata-sections -Wall -fstack-usage -MMD -MP -MF"Drivers/STM32L4xx_HAL_Driver/Src/stm32l4xx_hal_exti.d" -MT"Drivers/STM32L4xx_HAL_Driver/Src/stm32l4xx_hal_exti.o" --specs=nano.specs -mfpu=fpv4-sp-d16 -mfloat-abi=hard -mthumb -o "Drivers/STM32L4xx_HAL_Driver/Src/stm32l4xx_hal_exti.o"
arm-none-eabi-gcc "../Drivers/STM32L4xx_HAL_Driver/Src/stm32l4xx_hal_flash.c" -mcpu=cortex-m4 -std=gnu11 -g3 -DUSE_HAL_DRIVER -DSTM32L452xx -DDEBUG -c -I../Core/Inc -I../Drivers/STM32L4xx_HAL_Driver/Inc -I../Drivers/STM32L4xx_HAL_Driver/Inc/Legacy -I../Drivers/CMSIS/Device/ST/STM32L4xx/Include -I../Drivers/CMSIS/Include -I"D:/SaoViet/project_1/EN25QH/flash_ex/Core/flash_ex" -O0 -ffunction-sections -fdata-sections -Wall -fstack-usage -MMD -MP -MF"Drivers/STM32L4xx_HAL_Driver/Src/stm32l4xx_hal_flash.d" -MT"Drivers/STM32L4xx_HAL_Driver/Src/stm32l4xx_hal_flash.o" --specs=nano.specs -mfpu=fpv4-sp-d16 -mfloat-abi=hard -mthumb -o "Drivers/STM32L4xx_HAL_Driver/Src/stm32l4xx_hal_flash.o"
arm-none-eabi-gcc "../Drivers/STM32L4xx_HAL_Driver/Src/stm32l4xx_hal_flash_ex.c" -mcpu=cortex-m4 -std=gnu11 -g3 -DUSE_HAL_DRIVER -DSTM32L452xx -DDEBUG -c -I../Core/Inc -I../Drivers/STM32L4xx_HAL_Driver/Inc -I../Drivers/STM32L4xx_HAL_Driver/Inc/Legacy -I../Drivers/CMSIS/Device/ST/STM32L4xx/Include -I../Drivers/CMSIS/Include -I"D:/SaoViet/project_1/EN25QH/flash_ex/Core/flash_ex" -O0 -ffunction-sections -fdata-sections -Wall -fstack-usage -MMD -MP -MF"Drivers/STM32L4xx_HAL_Driver/Src/stm32l4xx_hal_flash_ex.d" -MT"Drivers/STM32L4xx_HAL_Driver/Src/stm32l4xx_hal_flash_ex.o" --specs=nano.specs -mfpu=fpv4-sp-d16 -mfloat-abi=hard -mthumb -o "Drivers/STM32L4xx_HAL_Driver/Src/stm32l4xx_hal_flash_ex.o"
arm-none-eabi-gcc "../Drivers/STM32L4xx_HAL_Driver/Src/stm32l4xx_hal_flash_ramfunc.c" -mcpu=cortex-m4 -std=gnu11 -g3 -DUSE_HAL_DRIVER -DSTM32L452xx -DDEBUG -c -I../Core/Inc -I../Drivers/STM32L4xx_HAL_Driver/Inc -I../Drivers/STM32L4xx_HAL_Driver/Inc/Legacy -I../Drivers/CMSIS/Device/ST/STM32L4xx/Include -I../Drivers/CMSIS/Include -I"D:/SaoViet/project_1/EN25QH/flash_ex/Core/flash_ex" -O0 -ffunction-sections -fdata-sections -Wall -fstack-usage -MMD -MP -MF"Drivers/STM32L4xx_HAL_Driver/Src/stm32l4xx_hal_flash_ramfunc.d" -MT"Drivers/STM32L4xx_HAL_Driver/Src/stm32l4xx_hal_flash_ramfunc.o" --specs=nano.specs -mfpu=fpv4-sp-d16 -mfloat-abi=hard -mthumb -o "Drivers/STM32L4xx_HAL_Driver/Src/stm32l4xx_hal_flash_ramfunc.o"
arm-none-eabi-gcc "../Drivers/STM32L4xx_HAL_Driver/Src/stm32l4xx_hal_gpio.c" -mcpu=cortex-m4 -std=gnu11 -g3 -DUSE_HAL_DRIVER -DSTM32L452xx -DDEBUG -c -I../Core/Inc -I../Drivers/STM32L4xx_HAL_Driver/Inc -I../Drivers/STM32L4xx_HAL_Driver/Inc/Legacy -I../Drivers/CMSIS/Device/ST/STM32L4xx/Include -I../Drivers/CMSIS/Include -I"D:/SaoViet/project_1/EN25QH/flash_ex/Core/flash_ex" -O0 -ffunction-sections -fdata-sections -Wall -fstack-usage -MMD -MP -MF"Drivers/STM32L4xx_HAL_Driver/Src/stm32l4xx_hal_gpio.d" -MT"Drivers/STM32L4xx_HAL_Driver/Src/stm32l4xx_hal_gpio.o" --specs=nano.specs -mfpu=fpv4-sp-d16 -mfloat-abi=hard -mthumb -o "Drivers/STM32L4xx_HAL_Driver/Src/stm32l4xx_hal_gpio.o"
arm-none-eabi-gcc "../Drivers/STM32L4xx_HAL_Driver/Src/stm32l4xx_hal_i2c.c" -mcpu=cortex-m4 -std=gnu11 -g3 -DUSE_HAL_DRIVER -DSTM32L452xx -DDEBUG -c -I../Core/Inc -I../Drivers/STM32L4xx_HAL_Driver/Inc -I../Drivers/STM32L4xx_HAL_Driver/Inc/Legacy -I../Drivers/CMSIS/Device/ST/STM32L4xx/Include -I../Drivers/CMSIS/Include -I"D:/SaoViet/project_1/EN25QH/flash_ex/Core/flash_ex" -O0 -ffunction-sections -fdata-sections -Wall -fstack-usage -MMD -MP -MF"Drivers/STM32L4xx_HAL_Driver/Src/stm32l4xx_hal_i2c.d" -MT"Drivers/STM32L4xx_HAL_Driver/Src/stm32l4xx_hal_i2c.o" --specs=nano.specs -mfpu=fpv4-sp-d16 -mfloat-abi=hard -mthumb -o "Drivers/STM32L4xx_HAL_Driver/Src/stm32l4xx_hal_i2c.o"
arm-none-eabi-gcc "../Drivers/STM32L4xx_HAL_Driver/Src/stm32l4xx_hal_i2c_ex.c" -mcpu=cortex-m4 -std=gnu11 -g3 -DUSE_HAL_DRIVER -DSTM32L452xx -DDEBUG -c -I../Core/Inc -I../Drivers/STM32L4xx_HAL_Driver/Inc -I../Drivers/STM32L4xx_HAL_Driver/Inc/Legacy -I../Drivers/CMSIS/Device/ST/STM32L4xx/Include -I../Drivers/CMSIS/Include -I"D:/SaoViet/project_1/EN25QH/flash_ex/Core/flash_ex" -O0 -ffunction-sections -fdata-sections -Wall -fstack-usage -MMD -MP -MF"Drivers/STM32L4xx_HAL_Driver/Src/stm32l4xx_hal_i2c_ex.d" -MT"Drivers/STM32L4xx_HAL_Driver/Src/stm32l4xx_hal_i2c_ex.o" --specs=nano.specs -mfpu=fpv4-sp-d16 -mfloat-abi=hard -mthumb -o "Drivers/STM32L4xx_HAL_Driver/Src/stm32l4xx_hal_i2c_ex.o"
arm-none-eabi-gcc "../Drivers/STM32L4xx_HAL_Driver/Src/stm32l4xx_hal_pwr.c" -mcpu=cortex-m4 -std=gnu11 -g3 -DUSE_HAL_DRIVER -DSTM32L452xx -DDEBUG -c -I../Core/Inc -I../Drivers/STM32L4xx_HAL_Driver/Inc -I../Drivers/STM32L4xx_HAL_Driver/Inc/Legacy -I../Drivers/CMSIS/Device/ST/STM32L4xx/Include -I../Drivers/CMSIS/Include -I"D:/SaoViet/project_1/EN25QH/flash_ex/Core/flash_ex" -O0 -ffunction-sections -fdata-sections -Wall -fstack-usage -MMD -MP -MF"Drivers/STM32L4xx_HAL_Driver/Src/stm32l4xx_hal_pwr.d" -MT"Drivers/STM32L4xx_HAL_Driver/Src/stm32l4xx_hal_pwr.o" --specs=nano.specs -mfpu=fpv4-sp-d16 -mfloat-abi=hard -mthumb -o "Drivers/STM32L4xx_HAL_Driver/Src/stm32l4xx_hal_pwr.o"
arm-none-eabi-gcc "../Drivers/STM32L4xx_HAL_Driver/Src/stm32l4xx_hal_pwr_ex.c" -mcpu=cortex-m4 -std=gnu11 -g3 -DUSE_HAL_DRIVER -DSTM32L452xx -DDEBUG -c -I../Core/Inc -I../Drivers/STM32L4xx_HAL_Driver/Inc -I../Drivers/STM32L4xx_HAL_Driver/Inc/Legacy -I../Drivers/CMSIS/Device/ST/STM32L4xx/Include -I../Drivers/CMSIS/Include -I"D:/SaoViet/project_1/EN25QH/flash_ex/Core/flash_ex" -O0 -ffunction-sections -fdata-sections -Wall -fstack-usage -MMD -MP -MF"Drivers/STM32L4xx_HAL_Driver/Src/stm32l4xx_hal_pwr_ex.d" -MT"Drivers/STM32L4xx_HAL_Driver/Src/stm32l4xx_hal_pwr_ex.o" --specs=nano.specs -mfpu=fpv4-sp-d16 -mfloat-abi=hard -mthumb -o "Drivers/STM32L4xx_HAL_Driver/Src/stm32l4xx_hal_pwr_ex.o"
arm-none-eabi-gcc "../Drivers/STM32L4xx_HAL_Driver/Src/stm32l4xx_hal_rcc.c" -mcpu=cortex-m4 -std=gnu11 -g3 -DUSE_HAL_DRIVER -DSTM32L452xx -DDEBUG -c -I../Core/Inc -I../Drivers/STM32L4xx_HAL_Driver/Inc -I../Drivers/STM32L4xx_HAL_Driver/Inc/Legacy -I../Drivers/CMSIS/Device/ST/STM32L4xx/Include -I../Drivers/CMSIS/Include -I"D:/SaoViet/project_1/EN25QH/flash_ex/Core/flash_ex" -O0 -ffunction-sections -fdata-sections -Wall -fstack-usage -MMD -MP -MF"Drivers/STM32L4xx_HAL_Driver/Src/stm32l4xx_hal_rcc.d" -MT"Drivers/STM32L4xx_HAL_Driver/Src/stm32l4xx_hal_rcc.o" --specs=nano.specs -mfpu=fpv4-sp-d16 -mfloat-abi=hard -mthumb -o "Drivers/STM32L4xx_HAL_Driver/Src/stm32l4xx_hal_rcc.o"
arm-none-eabi-gcc "../Drivers/STM32L4xx_HAL_Driver/Src/stm32l4xx_hal_rcc_ex.c" -mcpu=cortex-m4 -std=gnu11 -g3 -DUSE_HAL_DRIVER -DSTM32L452xx -DDEBUG -c -I../Core/Inc -I../Drivers/STM32L4xx_HAL_Driver/Inc -I../Drivers/STM32L4xx_HAL_Driver/Inc/Legacy -I../Drivers/CMSIS/Device/ST/STM32L4xx/Include -I../Drivers/CMSIS/Include -I"D:/SaoViet/project_1/EN25QH/flash_ex/Core/flash_ex" -O0 -ffunction-sections -fdata-sections -Wall -fstack-usage -MMD -MP -MF"Drivers/STM32L4xx_HAL_Driver/Src/stm32l4xx_hal_rcc_ex.d" -MT"Drivers/STM32L4xx_HAL_Driver/Src/stm32l4xx_hal_rcc_ex.o" --specs=nano.specs -mfpu=fpv4-sp-d16 -mfloat-abi=hard -mthumb -o "Drivers/STM32L4xx_HAL_Driver/Src/stm32l4xx_hal_rcc_ex.o"
arm-none-eabi-gcc "../Drivers/STM32L4xx_HAL_Driver/Src/stm32l4xx_hal_spi.c" -mcpu=cortex-m4 -std=gnu11 -g3 -DUSE_HAL_DRIVER -DSTM32L452xx -DDEBUG -c -I../Core/Inc -I../Drivers/STM32L4xx_HAL_Driver/Inc -I../Drivers/STM32L4xx_HAL_Driver/Inc/Legacy -I../Drivers/CMSIS/Device/ST/STM32L4xx/Include -I../Drivers/CMSIS/Include -I"D:/SaoViet/project_1/EN25QH/flash_ex/Core/flash_ex" -O0 -ffunction-sections -fdata-sections -Wall -fstack-usage -MMD -MP -MF"Drivers/STM32L4xx_HAL_Driver/Src/stm32l4xx_hal_spi.d" -MT"Drivers/STM32L4xx_HAL_Driver/Src/stm32l4xx_hal_spi.o" --specs=nano.specs -mfpu=fpv4-sp-d16 -mfloat-abi=hard -mthumb -o "Drivers/STM32L4xx_HAL_Driver/Src/stm32l4xx_hal_spi.o"
arm-none-eabi-gcc "../Drivers/STM32L4xx_HAL_Driver/Src/stm32l4xx_hal_spi_ex.c" -mcpu=cortex-m4 -std=gnu11 -g3 -DUSE_HAL_DRIVER -DSTM32L452xx -DDEBUG -c -I../Core/Inc -I../Drivers/STM32L4xx_HAL_Driver/Inc -I../Drivers/STM32L4xx_HAL_Driver/Inc/Legacy -I../Drivers/CMSIS/Device/ST/STM32L4xx/Include -I../Drivers/CMSIS/Include -I"D:/SaoViet/project_1/EN25QH/flash_ex/Core/flash_ex" -O0 -ffunction-sections -fdata-sections -Wall -fstack-usage -MMD -MP -MF"Drivers/STM32L4xx_HAL_Driver/Src/stm32l4xx_hal_spi_ex.d" -MT"Drivers/STM32L4xx_HAL_Driver/Src/stm32l4xx_hal_spi_ex.o" --specs=nano.specs -mfpu=fpv4-sp-d16 -mfloat-abi=hard -mthumb -o "Drivers/STM32L4xx_HAL_Driver/Src/stm32l4xx_hal_spi_ex.o"
arm-none-eabi-gcc "../Drivers/STM32L4xx_HAL_Driver/Src/stm32l4xx_hal_tim.c" -mcpu=cortex-m4 -std=gnu11 -g3 -DUSE_HAL_DRIVER -DSTM32L452xx -DDEBUG -c -I../Core/Inc -I../Drivers/STM32L4xx_HAL_Driver/Inc -I../Drivers/STM32L4xx_HAL_Driver/Inc/Legacy -I../Drivers/CMSIS/Device/ST/STM32L4xx/Include -I../Drivers/CMSIS/Include -I"D:/SaoViet/project_1/EN25QH/flash_ex/Core/flash_ex" -O0 -ffunction-sections -fdata-sections -Wall -fstack-usage -MMD -MP -MF"Drivers/STM32L4xx_HAL_Driver/Src/stm32l4xx_hal_tim.d" -MT"Drivers/STM32L4xx_HAL_Driver/Src/stm32l4xx_hal_tim.o" --specs=nano.specs -mfpu=fpv4-sp-d16 -mfloat-abi=hard -mthumb -o "Drivers/STM32L4xx_HAL_Driver/Src/stm32l4xx_hal_tim.o"
arm-none-eabi-gcc "../Drivers/STM32L4xx_HAL_Driver/Src/stm32l4xx_hal_tim_ex.c" -mcpu=cortex-m4 -std=gnu11 -g3 -DUSE_HAL_DRIVER -DSTM32L452xx -DDEBUG -c -I../Core/Inc -I../Drivers/STM32L4xx_HAL_Driver/Inc -I../Drivers/STM32L4xx_HAL_Driver/Inc/Legacy -I../Drivers/CMSIS/Device/ST/STM32L4xx/Include -I../Drivers/CMSIS/Include -I"D:/SaoViet/project_1/EN25QH/flash_ex/Core/flash_ex" -O0 -ffunction-sections -fdata-sections -Wall -fstack-usage -MMD -MP -MF"Drivers/STM32L4xx_HAL_Driver/Src/stm32l4xx_hal_tim_ex.d" -MT"Drivers/STM32L4xx_HAL_Driver/Src/stm32l4xx_hal_tim_ex.o" --specs=nano.specs -mfpu=fpv4-sp-d16 -mfloat-abi=hard -mthumb -o "Drivers/STM32L4xx_HAL_Driver/Src/stm32l4xx_hal_tim_ex.o"
arm-none-eabi-gcc "../Core/flash_ex/EN25QH.c" -mcpu=cortex-m4 -std=gnu11 -g3 -DUSE_HAL_DRIVER -DSTM32L452xx -DDEBUG -c -I../Core/Inc -I../Drivers/STM32L4xx_HAL_Driver/Inc -I../Drivers/STM32L4xx_HAL_Driver/Inc/Legacy -I../Drivers/CMSIS/Device/ST/STM32L4xx/Include -I../Drivers/CMSIS/Include -I"D:/SaoViet/project_1/EN25QH/flash_ex/Core/flash_ex" -O0 -ffunction-sections -fdata-sections -Wall -fstack-usage -MMD -MP -MF"Core/flash_ex/EN25QH.d" -MT"Core/flash_ex/EN25QH.o" --specs=nano.specs -mfpu=fpv4-sp-d16 -mfloat-abi=hard -mthumb -o "Core/flash_ex/EN25QH.o"
arm-none-eabi-gcc "../Core/flash_ex/SPI.c" -mcpu=cortex-m4 -std=gnu11 -g3 -DUSE_HAL_DRIVER -DSTM32L452xx -DDEBUG -c -I../Core/Inc -I../Drivers/STM32L4xx_HAL_Driver/Inc -I../Drivers/STM32L4xx_HAL_Driver/Inc/Legacy -I../Drivers/CMSIS/Device/ST/STM32L4xx/Include -I../Drivers/CMSIS/Include -I"D:/SaoViet/project_1/EN25QH/flash_ex/Core/flash_ex" -O0 -ffunction-sections -fdata-sections -Wall -fstack-usage -MMD -MP -MF"Core/flash_ex/SPI.d" -MT"Core/flash_ex/SPI.o" --specs=nano.specs -mfpu=fpv4-sp-d16 -mfloat-abi=hard -mthumb -o "Core/flash_ex/SPI.o"
arm-none-eabi-gcc "../Core/Src/main.c" -mcpu=cortex-m4 -std=gnu11 -g3 -DUSE_HAL_DRIVER -DSTM32L452xx -DDEBUG -c -I../Core/Inc -I../Drivers/STM32L4xx_HAL_Driver/Inc -I../Drivers/STM32L4xx_HAL_Driver/Inc/Legacy -I../Drivers/CMSIS/Device/ST/STM32L4xx/Include -I../Drivers/CMSIS/Include -I"D:/SaoViet/project_1/EN25QH/flash_ex/Core/flash_ex" -O0 -ffunction-sections -fdata-sections -Wall -fstack-usage -MMD -MP -MF"Core/Src/main.d" -MT"Core/Src/main.o" --specs=nano.specs -mfpu=fpv4-sp-d16 -mfloat-abi=hard -mthumb -o "Core/Src/main.o"
arm-none-eabi-gcc "../Core/Src/stm32l4xx_hal_msp.c" -mcpu=cortex-m4 -std=gnu11 -g3 -DUSE_HAL_DRIVER -DSTM32L452xx -DDEBUG -c -I../Core/Inc -I../Drivers/STM32L4xx_HAL_Driver/Inc -I../Drivers/STM32L4xx_HAL_Driver/Inc/Legacy -I../Drivers/CMSIS/Device/ST/STM32L4xx/Include -I../Drivers/CMSIS/Include -I"D:/SaoViet/project_1/EN25QH/flash_ex/Core/flash_ex" -O0 -ffunction-sections -fdata-sections -Wall -fstack-usage -MMD -MP -MF"Core/Src/stm32l4xx_hal_msp.d" -MT"Core/Src/stm32l4xx_hal_msp.o" --specs=nano.specs -mfpu=fpv4-sp-d16 -mfloat-abi=hard -mthumb -o "Core/Src/stm32l4xx_hal_msp.o"
arm-none-eabi-gcc "../Core/Src/stm32l4xx_it.c" -mcpu=cortex-m4 -std=gnu11 -g3 -DUSE_HAL_DRIVER -DSTM32L452xx -DDEBUG -c -I../Core/Inc -I../Drivers/STM32L4xx_HAL_Driver/Inc -I../Drivers/STM32L4xx_HAL_Driver/Inc/Legacy -I../Drivers/CMSIS/Device/ST/STM32L4xx/Include -I../Drivers/CMSIS/Include -I"D:/SaoViet/project_1/EN25QH/flash_ex/Core/flash_ex" -O0 -ffunction-sections -fdata-sections -Wall -fstack-usage -MMD -MP -MF"Core/Src/stm32l4xx_it.d" -MT"Core/Src/stm32l4xx_it.o" --specs=nano.specs -mfpu=fpv4-sp-d16 -mfloat-abi=hard -mthumb -o "Core/Src/stm32l4xx_it.o"
../Core/Src/main.c: In function 'main':
../Core/Src/main.c:115:5: warning: implicit declaration of function 'sFLASH_EraseSector' [-Wimplicit-function-declaration]
     sFLASH_EraseSector(FLASH_SECTOR_TO_ERASE);
     ^~~~~~~~~~~~~~~~~~
../Core/Src/main.c:118:5: warning: implicit declaration of function 'sFLASH_WriteBuffer' [-Wimplicit-function-declaration]
     sFLASH_WriteBuffer(Tx_Buffer, FLASH_WRITE_ADDRESS, BufferSize);
     ^~~~~~~~~~~~~~~~~~
../Core/Src/main.c:121:5: warning: implicit declaration of function 'sFLASH_ReadBuffer' [-Wimplicit-function-declaration]
     sFLASH_ReadBuffer(Rx_Buffer, FLASH_READ_ADDRESS, BufferSize);
     ^~~~~~~~~~~~~~~~~
arm-none-eabi-gcc -o "flash_ex.elf" @"objects.list"   -mcpu=cortex-m4 -T"D:\SaoViet\project_1\EN25QH\flash_ex\STM32L452RCTX_FLASH.ld" --specs=nosys.specs -Wl,-Map="flash_ex.map" -Wl,--gc-sections -static --specs=nano.specs -mfpu=fpv4-sp-d16 -mfloat-abi=hard -mthumb -Wl,--start-group -lc -lm -Wl,--end-group
Finished building target: flash_ex.elf
 
arm-none-eabi-objdump -h -S  flash_ex.elf  > "flash_ex.list"
arm-none-eabi-objcopy  -O binary  flash_ex.elf  "flash_ex.bin"
arm-none-eabi-size   flash_ex.elf 
   text	   data	    bss	    dec	    hex	filename
  10504	     28	   1692	  12224	   2fc0	flash_ex.elf
Finished building: default.size.stdout
 
Finished building: flash_ex.bin
 
Finished building: flash_ex.list
 
22:50:11 **** Incremental Build of configuration Debug for project flash_ex ****
make -j8 all 
arm-none-eabi-gcc "../Core/flash_ex/EN25QH.c" -mcpu=cortex-m4 -std=gnu11 -g3 -DUSE_HAL_DRIVER -DSTM32L452xx -DDEBUG -c -I../Core/Inc -I../Drivers/STM32L4xx_HAL_Driver/Inc -I../Drivers/STM32L4xx_HAL_Driver/Inc/Legacy -I../Drivers/CMSIS/Device/ST/STM32L4xx/Include -I../Drivers/CMSIS/Include -I"D:/SaoViet/project_1/EN25QH/flash_ex/Core/flash_ex" -O0 -ffunction-sections -fdata-sections -Wall -fstack-usage -MMD -MP -MF"Core/flash_ex/EN25QH.d" -MT"Core/flash_ex/EN25QH.o" --specs=nano.specs -mfpu=fpv4-sp-d16 -mfloat-abi=hard -mthumb -o "Core/flash_ex/EN25QH.o"
arm-none-eabi-gcc "../Core/Src/main.c" -mcpu=cortex-m4 -std=gnu11 -g3 -DUSE_HAL_DRIVER -DSTM32L452xx -DDEBUG -c -I../Core/Inc -I../Drivers/STM32L4xx_HAL_Driver/Inc -I../Drivers/STM32L4xx_HAL_Driver/Inc/Legacy -I../Drivers/CMSIS/Device/ST/STM32L4xx/Include -I../Drivers/CMSIS/Include -I"D:/SaoViet/project_1/EN25QH/flash_ex/Core/flash_ex" -O0 -ffunction-sections -fdata-sections -Wall -fstack-usage -MMD -MP -MF"Core/Src/main.d" -MT"Core/Src/main.o" --specs=nano.specs -mfpu=fpv4-sp-d16 -mfloat-abi=hard -mthumb -o "Core/Src/main.o"
../Core/Src/main.c: In function 'main':
../Core/Src/main.c:115:5: warning: implicit declaration of function 'sFLASH_EraseSector' [-Wimplicit-function-declaration]
     sFLASH_EraseSector(FLASH_SECTOR_TO_ERASE);
     ^~~~~~~~~~~~~~~~~~
../Core/Src/main.c:118:5: warning: implicit declaration of function 'sFLASH_WriteBuffer' [-Wimplicit-function-declaration]
     sFLASH_WriteBuffer(Tx_Buffer, FLASH_WRITE_ADDRESS, BufferSize);
     ^~~~~~~~~~~~~~~~~~
../Core/Src/main.c:121:5: warning: implicit declaration of function 'sFLASH_ReadBuffer' [-Wimplicit-function-declaration]
     sFLASH_ReadBuffer(Rx_Buffer, FLASH_READ_ADDRESS, BufferSize);
     ^~~~~~~~~~~~~~~~~
arm-none-eabi-gcc -o "flash_ex.elf" @"objects.list"   -mcpu=cortex-m4 -T"D:\SaoViet\project_1\EN25QH\flash_ex\STM32L452RCTX_FLASH.ld" --specs=nosys.specs -Wl,-Map="flash_ex.map" -Wl,--gc-sections -static --specs=nano.specs -mfpu=fpv4-sp-d16 -mfloat-abi=hard -mthumb -Wl,--start-group -lc -lm -Wl,--end-group
Core/Src/main.o: In function `main':
D:/SaoViet/project_1/EN25QH/flash_ex/Debug/../Core/Src/main.c:115: undefined reference to `sFLASH_EraseSector'
D:/SaoViet/project_1/EN25QH/flash_ex/Debug/../Core/Src/main.c:118: undefined reference to `sFLASH_WriteBuffer'
D:/SaoViet/project_1/EN25QH/flash_ex/Debug/../Core/Src/main.c:121: undefined reference to `sFLASH_ReadBuffer'
D:/SaoViet/project_1/EN25QH/flash_ex/Debug/../Core/Src/main.c:132: undefined reference to `sFLASH_EraseSector'
D:/SaoViet/project_1/EN25QH/flash_ex/Debug/../Core/Src/main.c:135: undefined reference to `sFLASH_ReadBuffer'
collect2.exe: error: ld returned 1 exit status
make: *** [makefile:51: flash_ex.elf] Error 1
"make -j8 all" terminated with exit code 2. Build might be incomplete.
22:51:04 **** Incremental Build of configuration Debug for project flash_ex ****
make -j8 all 
arm-none-eabi-gcc "../Core/Src/main.c" -mcpu=cortex-m4 -std=gnu11 -g3 -DUSE_HAL_DRIVER -DSTM32L452xx -DDEBUG -c -I../Core/Inc -I../Drivers/STM32L4xx_HAL_Driver/Inc -I../Drivers/STM32L4xx_HAL_Driver/Inc/Legacy -I../Drivers/CMSIS/Device/ST/STM32L4xx/Include -I../Drivers/CMSIS/Include -I"D:/SaoViet/project_1/EN25QH/flash_ex/Core/flash_ex" -O0 -ffunction-sections -fdata-sections -Wall -fstack-usage -MMD -MP -MF"Core/Src/main.d" -MT"Core/Src/main.o" --specs=nano.specs -mfpu=fpv4-sp-d16 -mfloat-abi=hard -mthumb -o "Core/Src/main.o"
../Core/Src/main.c: In function 'main':
../Core/Src/main.c:115:4: warning: implicit declaration of function 'Flash_EN25QH_EraseSector'; did you mean 'Flash_EN25QH_Enable'? [-Wimplicit-function-declaration]
    Flash_EN25QH_EraseSector(FLASH_SECTOR_TO_ERASE);
    ^~~~~~~~~~~~~~~~~~~~~~~~
    Flash_EN25QH_Enable
../Core/Src/main.c:118:4: warning: implicit declaration of function 'Flash_EN25QH_WriteBuffer'; did you mean 'Flash_EN25QH_Send_Byte'? [-Wimplicit-function-declaration]
    Flash_EN25QH_WriteBuffer(Tx_Buffer, FLASH_WRITE_ADDRESS, BufferSize);
    ^~~~~~~~~~~~~~~~~~~~~~~~
    Flash_EN25QH_Send_Byte
../Core/Src/main.c:121:4: warning: implicit declaration of function 'Flash_EN25QH_ReadBuffer'; did you mean 'Flash_EN25QH_Send_Byte'? [-Wimplicit-function-declaration]
    Flash_EN25QH_ReadBuffer(Rx_Buffer, FLASH_READ_ADDRESS, BufferSize);
    ^~~~~~~~~~~~~~~~~~~~~~~
    Flash_EN25QH_Send_Byte
arm-none-eabi-gcc -o "flash_ex.elf" @"objects.list"   -mcpu=cortex-m4 -T"D:\SaoViet\project_1\EN25QH\flash_ex\STM32L452RCTX_FLASH.ld" --specs=nosys.specs -Wl,-Map="flash_ex.map" -Wl,--gc-sections -static --specs=nano.specs -mfpu=fpv4-sp-d16 -mfloat-abi=hard -mthumb -Wl,--start-group -lc -lm -Wl,--end-group
Finished building target: flash_ex.elf
 
arm-none-eabi-objdump -h -S  flash_ex.elf  > "flash_ex.list"
arm-none-eabi-objcopy  -O binary  flash_ex.elf  "flash_ex.bin"
arm-none-eabi-size   flash_ex.elf 
   text	   data	    bss	    dec	    hex	filename
  10504	     28	   1692	  12224	   2fc0	flash_ex.elf
Finished building: default.size.stdout
 
Finished building: flash_ex.bin
 
Finished building: flash_ex.list
 
22:53:23 **** Incremental Build of configuration Debug for project flash_ex ****
make -j8 all 
arm-none-eabi-gcc "../Core/flash_ex/EN25QH.c" -mcpu=cortex-m4 -std=gnu11 -g3 -DUSE_HAL_DRIVER -DSTM32L452xx -DDEBUG -c -I../Core/Inc -I../Drivers/STM32L4xx_HAL_Driver/Inc -I../Drivers/STM32L4xx_HAL_Driver/Inc/Legacy -I../Drivers/CMSIS/Device/ST/STM32L4xx/Include -I../Drivers/CMSIS/Include -I"D:/SaoViet/project_1/EN25QH/flash_ex/Core/flash_ex" -O0 -ffunction-sections -fdata-sections -Wall -fstack-usage -MMD -MP -MF"Core/flash_ex/EN25QH.d" -MT"Core/flash_ex/EN25QH.o" --specs=nano.specs -mfpu=fpv4-sp-d16 -mfloat-abi=hard -mthumb -o "Core/flash_ex/EN25QH.o"
arm-none-eabi-gcc "../Core/Src/main.c" -mcpu=cortex-m4 -std=gnu11 -g3 -DUSE_HAL_DRIVER -DSTM32L452xx -DDEBUG -c -I../Core/Inc -I../Drivers/STM32L4xx_HAL_Driver/Inc -I../Drivers/STM32L4xx_HAL_Driver/Inc/Legacy -I../Drivers/CMSIS/Device/ST/STM32L4xx/Include -I../Drivers/CMSIS/Include -I"D:/SaoViet/project_1/EN25QH/flash_ex/Core/flash_ex" -O0 -ffunction-sections -fdata-sections -Wall -fstack-usage -MMD -MP -MF"Core/Src/main.d" -MT"Core/Src/main.o" --specs=nano.specs -mfpu=fpv4-sp-d16 -mfloat-abi=hard -mthumb -o "Core/Src/main.o"
arm-none-eabi-gcc -o "flash_ex.elf" @"objects.list"   -mcpu=cortex-m4 -T"D:\SaoViet\project_1\EN25QH\flash_ex\STM32L452RCTX_FLASH.ld" --specs=nosys.specs -Wl,-Map="flash_ex.map" -Wl,--gc-sections -static --specs=nano.specs -mfpu=fpv4-sp-d16 -mfloat-abi=hard -mthumb -Wl,--start-group -lc -lm -Wl,--end-group
Finished building target: flash_ex.elf
 
arm-none-eabi-objdump -h -S  flash_ex.elf  > "flash_ex.list"
arm-none-eabi-objcopy  -O binary  flash_ex.elf  "flash_ex.bin"
arm-none-eabi-size   flash_ex.elf 
   text	   data	    bss	    dec	    hex	filename
  10504	     28	   1692	  12224	   2fc0	flash_ex.elf
Finished building: default.size.stdout
 
Finished building: flash_ex.bin
 
Finished building: flash_ex.list
 
22:53:29 **** Incremental Build of configuration Debug for project flash_ex ****
make -j8 all 
arm-none-eabi-size   flash_ex.elf 
   text	   data	    bss	    dec	    hex	filename
  10504	     28	   1692	  12224	   2fc0	flash_ex.elf
Finished building: default.size.stdout
 
08:40:49 **** Incremental Build of configuration Debug for project flash_ex ****
make -j8 all 
arm-none-eabi-gcc "../Core/flash_ex/EN25QH.c" -mcpu=cortex-m4 -std=gnu11 -g3 -DUSE_HAL_DRIVER -DSTM32L452xx -DDEBUG -c -I../Core/Inc -I../Drivers/STM32L4xx_HAL_Driver/Inc -I../Drivers/STM32L4xx_HAL_Driver/Inc/Legacy -I../Drivers/CMSIS/Device/ST/STM32L4xx/Include -I../Drivers/CMSIS/Include -I"D:/SaoViet/project_1/EN25QH/flash_ex/Core/flash_ex" -O0 -ffunction-sections -fdata-sections -Wall -fstack-usage -MMD -MP -MF"Core/flash_ex/EN25QH.d" -MT"Core/flash_ex/EN25QH.o" --specs=nano.specs -mfpu=fpv4-sp-d16 -mfloat-abi=hard -mthumb -o "Core/flash_ex/EN25QH.o"
arm-none-eabi-gcc -o "flash_ex.elf" @"objects.list"   -mcpu=cortex-m4 -T"D:\SaoViet\project_1\EN25QH\flash_ex\STM32L452RCTX_FLASH.ld" --specs=nosys.specs -Wl,-Map="flash_ex.map" -Wl,--gc-sections -static --specs=nano.specs -mfpu=fpv4-sp-d16 -mfloat-abi=hard -mthumb -Wl,--start-group -lc -lm -Wl,--end-group
Finished building target: flash_ex.elf
 
arm-none-eabi-objdump -h -S  flash_ex.elf  > "flash_ex.list"
arm-none-eabi-objcopy  -O binary  flash_ex.elf  "flash_ex.bin"
arm-none-eabi-size   flash_ex.elf 
   text	   data	    bss	    dec	    hex	filename
  10504	     28	   1692	  12224	   2fc0	flash_ex.elf
Finished building: default.size.stdout
 
Finished building: flash_ex.bin
 
Finished building: flash_ex.list
 
08:42:25 **** Incremental Build of configuration Debug for project flash_ex ****
make -j8 all 
arm-none-eabi-size   flash_ex.elf 
   text	   data	    bss	    dec	    hex	filename
  10504	     28	   1692	  12224	   2fc0	flash_ex.elf
Finished building: default.size.stdout
 
09:44:01 **** Incremental Build of configuration Debug for project flash_ex ****
make -j8 all 
arm-none-eabi-gcc "../Core/Src/main.c" -mcpu=cortex-m4 -std=gnu11 -g3 -DUSE_HAL_DRIVER -DSTM32L452xx -DDEBUG -c -I../Core/Inc -I../Drivers/STM32L4xx_HAL_Driver/Inc -I../Drivers/STM32L4xx_HAL_Driver/Inc/Legacy -I../Drivers/CMSIS/Device/ST/STM32L4xx/Include -I../Drivers/CMSIS/Include -I"D:/SaoViet/project_1/EN25QH/flash_ex/Core/flash_ex" -O0 -ffunction-sections -fdata-sections -Wall -fstack-usage -MMD -MP -MF"Core/Src/main.d" -MT"Core/Src/main.o" --specs=nano.specs -mfpu=fpv4-sp-d16 -mfloat-abi=hard -mthumb -o "Core/Src/main.o"
arm-none-eabi-gcc -o "flash_ex.elf" @"objects.list"   -mcpu=cortex-m4 -T"D:\SaoViet\project_1\EN25QH\flash_ex\STM32L452RCTX_FLASH.ld" --specs=nosys.specs -Wl,-Map="flash_ex.map" -Wl,--gc-sections -static --specs=nano.specs -mfpu=fpv4-sp-d16 -mfloat-abi=hard -mthumb -Wl,--start-group -lc -lm -Wl,--end-group
Finished building target: flash_ex.elf
 
arm-none-eabi-objdump -h -S  flash_ex.elf  > "flash_ex.list"
arm-none-eabi-objcopy  -O binary  flash_ex.elf  "flash_ex.bin"
arm-none-eabi-size   flash_ex.elf 
   text	   data	    bss	    dec	    hex	filename
  10500	     28	   1692	  12220	   2fbc	flash_ex.elf
Finished building: default.size.stdout
Finished building: flash_ex.bin
 
 
Finished building: flash_ex.list
 
09:49:28 **** Incremental Build of configuration Debug for project flash_ex ****
make -j8 all 
arm-none-eabi-size   flash_ex.elf 
   text	   data	    bss	    dec	    hex	filename
  10500	     28	   1692	  12220	   2fbc	flash_ex.elf
Finished building: default.size.stdout
 
17:40:21 **** Incremental Build of configuration Debug for project flash_ex ****
make -j8 all 
arm-none-eabi-size   flash_ex.elf 
   text	   data	    bss	    dec	    hex	filename
  10500	     28	   1692	  12220	   2fbc	flash_ex.elf
Finished building: default.size.stdout
 
17:46:36 **** Incremental Build of configuration Debug for project flash_ex ****
make -j8 all 
arm-none-eabi-size   flash_ex.elf 
   text	   data	    bss	    dec	    hex	filename
  10500	     28	   1692	  12220	   2fbc	flash_ex.elf
Finished building: default.size.stdout
 
17:46:47 **** Incremental Build of configuration Debug for project flash_ex ****
make -j8 all 
arm-none-eabi-size   flash_ex.elf 
   text	   data	    bss	    dec	    hex	filename
  10500	     28	   1692	  12220	   2fbc	flash_ex.elf
Finished building: default.size.stdout
 
17:47:00 **** Incremental Build of configuration Debug for project flash_ex ****
make -j8 all 
arm-none-eabi-size   flash_ex.elf 
   text	   data	    bss	    dec	    hex	filename
  10500	     28	   1692	  12220	   2fbc	flash_ex.elf
Finished building: default.size.stdout
 
17:47:09 **** Incremental Build of configuration Debug for project flash_ex ****
make -j8 all 
arm-none-eabi-size   flash_ex.elf 
   text	   data	    bss	    dec	    hex	filename
  10500	     28	   1692	  12220	   2fbc	flash_ex.elf
Finished building: default.size.stdout
 
17:48:22 **** Incremental Build of configuration Debug for project flash_ex ****
make -j8 all 
arm-none-eabi-size   flash_ex.elf 
   text	   data	    bss	    dec	    hex	filename
  10500	     28	   1692	  12220	   2fbc	flash_ex.elf
Finished building: default.size.stdout
 
17:48:37 **** Incremental Build of configuration Debug for project flash_ex ****
make -j8 all 
arm-none-eabi-size   flash_ex.elf 
   text	   data	    bss	    dec	    hex	filename
  10500	     28	   1692	  12220	   2fbc	flash_ex.elf
Finished building: default.size.stdout
 
17:49:04 **** Incremental Build of configuration Debug for project flash_ex ****
make -j8 all 
arm-none-eabi-size   flash_ex.elf 
   text	   data	    bss	    dec	    hex	filename
  10500	     28	   1692	  12220	   2fbc	flash_ex.elf
Finished building: default.size.stdout
 
